<html>
<body>
<pre>
<h1>µVision Build Log</h1>
<h2>Tool Versions:</h2>
IDE-Version: ¦ÌVision V5.38.0.0
Copyright (C) 2022 ARM Ltd and ARM Germany GmbH. All rights reserved.
License Information:  ,  , LIC=JL28G-VLL6Q-8TN3P-MTN0P-6YJST-KDV3P
 
Tool Versions:
Toolchain:       MDK-ARM Plus  Version: 5.38.0.0
Toolchain Path:  D:\Keil_v5\ARM\ARMCC\Bin
C Compiler:      Armcc.exe V5.06 update 7 (build 960)
Assembler:       Armasm.exe V5.06 update 7 (build 960)
Linker/Locator:  ArmLink.exe V5.06 update 7 (build 960)
Library Manager: ArmAr.exe V5.06 update 7 (build 960)
Hex Converter:   FromElf.exe V5.06 update 7 (build 960)
CPU DLL:         SARMCM3.DLL V5.38.0.0
Dialog DLL:      DCM.DLL V1.17.5.0
Target DLL:      Segger\JL2CM3.dll V2.99.42.0
Dialog DLL:      TCM.DLL V1.56.4.0
 
<h2>Project:</h2>
H:\work_project\zyzn\ZYRDLQD01\code\IPort\MDK-ARM\IPort.uvprojx
Project File Date:  10/11/2023

<h2>Output:</h2>
*** Using Compiler 'V5.06 update 7 (build 960)', folder: 'D:\Keil_v5\ARM\ARMCC\Bin'
Build target 'IPort'
compiling g_runtime.c...
compiling drv_init.c...
compiling os_init.c...
compiling HeartBeatTask.c...
compiling _hal_init.c...
compiling _hal_myi2c.c...
compiling os_queue.c...
compiling os_semaphore.c...
compiling drv_pcf8574.c...
compiling g_init.c...
compiling os_task.c...
compiling _hal_usart.c...
compiling main.c...
compiling yt8512c.c...
compiling DatalinkTask.c...
compiling ethernetif.c...
../LWIP/Target/ethernetif.c(209): warning:  #550-D: variable "hal_eth_init_status"  was set but never used
      HAL_StatusTypeDef hal_eth_init_status = HAL_OK;
../LWIP/Target/ethernetif.c: 1 warning, 0 errors
linking...
Program Size: Code=113220 RO-data=1628 RW-data=516 ZI-data=70652  
FromELF: creating hex file...
"IPort\IPort.axf" - 0 Error(s), 1 Warning(s).

<h2>Software Packages used:</h2>

Package Vendor: ARM
                http://www.keil.com/pack/ARM.CMSIS.5.9.0.pack
                ARM.CMSIS.5.9.0
                CMSIS (Common Microcontroller Software Interface Standard)
   * Component: CORE Version: 5.6.0

Package Vendor: Keil
                http://www.keil.com/pack/Keil.STM32H7xx_DFP.3.0.0.pack
                Keil.STM32H7xx_DFP.3.0.0
                STMicroelectronics STM32H7 Series Device Support and Examples

<h2>Collection of Component include folders:</h2>
  ./RTE/_IPort
  D:/Keil_v5/ARM/Packs/ARM/CMSIS/5.9.0/CMSIS/Core/Include
  D:/Keil_v5/ARM/Packs/Keil/STM32H7xx_DFP/3.0.0/Drivers/CMSIS/Device/ST/STM32H7xx/Include

<h2>Collection of Component Files used:</h2>

   * Component: ARM::CMSIS:CORE:5.6.0
      Include file:  CMSIS/Core/Include/tz_context.h
Build Time Elapsed:  00:00:28
</pre>
</body>
</html>
