Component: ARM Compiler 5.06 update 7 (build 960) Tool: armlink [4d3601]

==============================================================================

Section Cross References

    startup_stm32h743xx.o(RESET) refers to startup_stm32h743xx.o(STACK) for __initial_sp
    startup_stm32h743xx.o(RESET) refers to startup_stm32h743xx.o(.text) for Reset_Handler
    startup_stm32h743xx.o(RESET) refers to stm32h7xx_it.o(i.NMI_Handler) for NMI_Handler
    startup_stm32h743xx.o(RESET) refers to stm32h7xx_it.o(i.HardFault_Handler) for HardFault_Handler
    startup_stm32h743xx.o(RESET) refers to stm32h7xx_it.o(i.MemManage_Handler) for MemManage_Handler
    startup_stm32h743xx.o(RESET) refers to stm32h7xx_it.o(i.BusFault_Handler) for BusFault_Handler
    startup_stm32h743xx.o(RESET) refers to stm32h7xx_it.o(i.UsageFault_Handler) for UsageFault_Handler
    startup_stm32h743xx.o(RESET) refers to port.o(.emb_text) for SVC_Handler
    startup_stm32h743xx.o(RESET) refers to stm32h7xx_it.o(i.DebugMon_Handler) for DebugMon_Handler
    startup_stm32h743xx.o(RESET) refers to port.o(i.SysTick_Handler) for SysTick_Handler
    startup_stm32h743xx.o(RESET) refers to stm32h7xx_it.o(i.DMA1_Stream1_IRQHandler) for DMA1_Stream1_IRQHandler
    startup_stm32h743xx.o(RESET) refers to stm32h7xx_it.o(i.USART1_IRQHandler) for USART1_IRQHandler
    startup_stm32h743xx.o(RESET) refers to stm32h7xx_it.o(i.TIM7_IRQHandler) for TIM7_IRQHandler
    startup_stm32h743xx.o(RESET) refers to stm32h7xx_it.o(i.ETH_IRQHandler) for ETH_IRQHandler
    startup_stm32h743xx.o(.text) refers to system_stm32h7xx.o(i.SystemInit) for SystemInit
    startup_stm32h743xx.o(.text) refers to entry.o(.ARM.Collect$$$$00000000) for __main
    main.o(i.HAL_TIM_PeriodElapsedCallback) refers to stm32h7xx_hal.o(i.HAL_IncTick) for HAL_IncTick
    main.o(i.MPU_Config) refers to stm32h7xx_hal_cortex.o(i.HAL_MPU_Disable) for HAL_MPU_Disable
    main.o(i.MPU_Config) refers to stm32h7xx_hal_cortex.o(i.HAL_MPU_ConfigRegion) for HAL_MPU_ConfigRegion
    main.o(i.MPU_Config) refers to stm32h7xx_hal_cortex.o(i.HAL_MPU_Enable) for HAL_MPU_Enable
    main.o(i.SystemClock_Config) refers to memseta.o(.text) for __aeabi_memclr4
    main.o(i.SystemClock_Config) refers to stm32h7xx_hal_pwr_ex.o(i.HAL_PWREx_ConfigSupply) for HAL_PWREx_ConfigSupply
    main.o(i.SystemClock_Config) refers to stm32h7xx_hal_rcc.o(i.HAL_RCC_OscConfig) for HAL_RCC_OscConfig
    main.o(i.SystemClock_Config) refers to main.o(i.Error_Handler) for Error_Handler
    main.o(i.SystemClock_Config) refers to stm32h7xx_hal_rcc.o(i.HAL_RCC_ClockConfig) for HAL_RCC_ClockConfig
    main.o(i.main) refers to main.o(i.MPU_Config) for MPU_Config
    main.o(i.main) refers to stm32h7xx_hal.o(i.HAL_Init) for HAL_Init
    main.o(i.main) refers to main.o(i.SystemClock_Config) for SystemClock_Config
    main.o(i.main) refers to gpio.o(i.MX_GPIO_Init) for MX_GPIO_Init
    main.o(i.main) refers to dma.o(i.MX_DMA_Init) for MX_DMA_Init
    main.o(i.main) refers to usart.o(i.MX_USART1_UART_Init) for MX_USART1_UART_Init
    main.o(i.main) refers to g_init.o(i.g_Init) for g_Init
    main.o(i.main) refers to os_init.o(i.Os_Init) for Os_Init
    main.o(i.main) refers to freertos.o(i.MX_FREERTOS_Init) for MX_FREERTOS_Init
    main.o(i.main) refers to cmsis_os.o(i.osKernelStart) for osKernelStart
    gpio.o(i.MX_GPIO_Init) refers to memseta.o(.text) for __aeabi_memclr4
    gpio.o(i.MX_GPIO_Init) refers to stm32h7xx_hal_gpio.o(i.HAL_GPIO_WritePin) for HAL_GPIO_WritePin
    gpio.o(i.MX_GPIO_Init) refers to stm32h7xx_hal_gpio.o(i.HAL_GPIO_Init) for HAL_GPIO_Init
    freertos.o(i.MX_FREERTOS_Init) refers to memmovea.o(.text) for __aeabi_memcpy4
    freertos.o(i.MX_FREERTOS_Init) refers to cmsis_os.o(i.osThreadCreate) for osThreadCreate
    freertos.o(i.MX_FREERTOS_Init) refers to freertos.o(.constdata) for .constdata
    freertos.o(i.MX_FREERTOS_Init) refers to freertos.o(.data) for defaultTaskHandle
    freertos.o(i.StartDefaultTask) refers to lwip.o(i.MX_LWIP_Init) for MX_LWIP_Init
    freertos.o(i.StartDefaultTask) refers to cmsis_os.o(i.osDelay) for osDelay
    freertos.o(i.vApplicationGetIdleTaskMemory) refers to freertos.o(.bss) for xIdleTaskTCBBuffer
    freertos.o(.constdata) refers to freertos.o(.conststring) for .conststring
    freertos.o(.constdata) refers to freertos.o(i.StartDefaultTask) for StartDefaultTask
    dma.o(i.MX_DMA_Init) refers to stm32h7xx_hal_cortex.o(i.HAL_NVIC_SetPriority) for HAL_NVIC_SetPriority
    dma.o(i.MX_DMA_Init) refers to stm32h7xx_hal_cortex.o(i.HAL_NVIC_EnableIRQ) for HAL_NVIC_EnableIRQ
    usart.o(i.HAL_UART_MspDeInit) refers to stm32h7xx_hal_gpio.o(i.HAL_GPIO_DeInit) for HAL_GPIO_DeInit
    usart.o(i.HAL_UART_MspDeInit) refers to stm32h7xx_hal_dma.o(i.HAL_DMA_DeInit) for HAL_DMA_DeInit
    usart.o(i.HAL_UART_MspDeInit) refers to stm32h7xx_hal_cortex.o(i.HAL_NVIC_DisableIRQ) for HAL_NVIC_DisableIRQ
    usart.o(i.HAL_UART_MspInit) refers to memseta.o(.text) for __aeabi_memclr4
[...]
    vTaskSuspendAll                          0x0801a7e5   Thumb Code    12  tasks.o(i.vTaskSuspendAll)
    vTaskSwitchContext                       0x0801a7f5   Thumb Code   172  tasks.o(i.vTaskSwitchContext)
    xPortStartScheduler                      0x0801a8bd   Thumb Code   330  port.o(i.xPortStartScheduler)
    xQueueCreateMutex                        0x0801aa25   Thumb Code    34  queue.o(i.xQueueCreateMutex)
    xQueueCreateMutexStatic                  0x0801aa47   Thumb Code    42  queue.o(i.xQueueCreateMutexStatic)
    xQueueGenericCreate                      0x0801aa71   Thumb Code    90  queue.o(i.xQueueGenericCreate)
    xQueueGenericCreateStatic                0x0801aacb   Thumb Code   224  queue.o(i.xQueueGenericCreateStatic)
    xQueueGenericReset                       0x0801abad   Thumb Code   146  queue.o(i.xQueueGenericReset)
    xQueueGenericSend                        0x0801ac45   Thumb Code   420  queue.o(i.xQueueGenericSend)
    xQueueGenericSendFromISR                 0x0801aded   Thumb Code   252  queue.o(i.xQueueGenericSendFromISR)
    xQueueGiveFromISR                        0x0801aee9   Thumb Code   224  queue.o(i.xQueueGiveFromISR)
    xQueueReceive                            0x0801afc9   Thumb Code   356  queue.o(i.xQueueReceive)
    xQueueReceiveFromISR                     0x0801b131   Thumb Code   202  queue.o(i.xQueueReceiveFromISR)
    xQueueSemaphoreTake                      0x0801b1fd   Thumb Code   434  queue.o(i.xQueueSemaphoreTake)
    xTaskCheckForTimeOut                     0x0801b3b5   Thumb Code   132  tasks.o(i.xTaskCheckForTimeOut)
    xTaskCreate                              0x0801b441   Thumb Code   100  tasks.o(i.xTaskCreate)
    xTaskCreateStatic                        0x0801b4a5   Thumb Code   186  tasks.o(i.xTaskCreateStatic)
    xTaskGenericNotify                       0x0801b561   Thumb Code   280  tasks.o(i.xTaskGenericNotify)
    xTaskGetSchedulerState                   0x0801b689   Thumb Code    24  tasks.o(i.xTaskGetSchedulerState)
    xTaskGetTickCount                        0x0801b6a9   Thumb Code     6  tasks.o(i.xTaskGetTickCount)
    xTaskGetTickCountFromISR                 0x0801b6b5   Thumb Code    16  tasks.o(i.xTaskGetTickCountFromISR)
    xTaskIncrementTick                       0x0801b6c9   Thumb Code   298  tasks.o(i.xTaskIncrementTick)
    xTaskPriorityDisinherit                  0x0801b821   Thumb Code   188  tasks.o(i.xTaskPriorityDisinherit)
    xTaskPriorityInherit                     0x0801b8e9   Thumb Code   172  tasks.o(i.xTaskPriorityInherit)
    xTaskRemoveFromEventList                 0x0801b9a1   Thumb Code   128  tasks.o(i.xTaskRemoveFromEventList)
    xTaskResumeAll                           0x0801ba39   Thumb Code   224  tasks.o(i.xTaskResumeAll)
    yt8512c_get_link_state                   0x0801bb3d   Thumb Code    88  yt8512c.o(i.yt8512c_get_link_state)
    yt8512c_init                             0x0801bb95   Thumb Code   222  yt8512c.o(i.yt8512c_init)
    yt8512c_regster_bus_io                   0x0801bc73   Thumb Code    46  yt8512c.o(i.yt8512c_regster_bus_io)
    yt8512c_start_auto_nego                  0x0801bca1   Thumb Code    58  yt8512c.o(i.yt8512c_start_auto_nego)
    uart1_id                                 0x0801bcf8   Data           4  _hal_usart.o(.constdata)
    UARTPrescTable                           0x0801bd04   Data          24  stm32h7xx_hal_uart.o(.constdata)
    D1CorePrescTable                         0x0801bd2c   Data          16  system_stm32h7xx.o(.constdata)
    memp_RX_POOL                             0x0801bd3c   Data          12  ethernetif.o(.constdata)
    ethbroadcast                             0x0801bd80   Data           6  ethernet.o(.constdata)
    ethzero                                  0x0801bd86   Data           6  ethernet.o(.constdata)
    netconn_aborted                          0x0801bd8c   Data           1  api_msg.o(.constdata)
    netconn_reset                            0x0801bd8d   Data           1  api_msg.o(.constdata)
    netconn_closed                           0x0801bd8e   Data           1  api_msg.o(.constdata)
    memp_UDP_PCB                             0x0801bd90   Data          12  memp.o(.constdata)
    memp_TCP_PCB                             0x0801bd9c   Data          12  memp.o(.constdata)
    memp_TCP_PCB_LISTEN                      0x0801bda8   Data          12  memp.o(.constdata)
    memp_TCP_SEG                             0x0801bdb4   Data          12  memp.o(.constdata)
    memp_REASSDATA                           0x0801bdc0   Data          12  memp.o(.constdata)
    memp_FRAG_PBUF                           0x0801bdcc   Data          12  memp.o(.constdata)
    memp_NETBUF                              0x0801bdd8   Data          12  memp.o(.constdata)
    memp_NETCONN                             0x0801bde4   Data          12  memp.o(.constdata)
    memp_TCPIP_MSG_API                       0x0801bdf0   Data          12  memp.o(.constdata)
    memp_API_MSG                             0x0801bdfc   Data          12  memp.o(.constdata)
    memp_SELECT_CB                           0x0801be08   Data          12  memp.o(.constdata)
    memp_TCPIP_MSG_INPKT                     0x0801be14   Data          12  memp.o(.constdata)
    memp_SYS_TIMEOUT                         0x0801be20   Data          12  memp.o(.constdata)
    memp_PBUF                                0x0801be2c   Data          12  memp.o(.constdata)
    memp_PBUF_POOL                           0x0801be38   Data          12  memp.o(.constdata)
    memp_pools                               0x0801be44   Data          60  memp.o(.constdata)
    tcp_pcb_lists                            0x0801bec0   Data          16  tcp.o(.constdata)
    lwip_cyclic_timers                       0x0801bed0   Data          24  timeouts.o(.constdata)
    lwip_num_cyclic_timers                   0x0801bee8   Data           4  timeouts.o(.constdata)
    ip_addr_any                              0x0801beec   Data           4  ip4_addr.o(.constdata)
    ip_addr_broadcast                        0x0801bef0   Data           4  ip4_addr.o(.constdata)
    os_mutex_def_lwip_sys_mutex              0x0801bef4   Data           8  sys_arch.o(.constdata)
    Region$$Table$$Base                      0x0801c080   Number         0  anon$$obj.o(Region$$Table)
    Region$$Table$$Limit                     0x0801c0a0   Number         0  anon$$obj.o(Region$$Table)
    defaultTaskHandle                        0x24000000   Data           4  freertos.o(.data)
    HeartbeatTaskHandle                      0x2400000c   Data           4  os_task.o(.data)
    UPLinkTaskHandle                         0x24000010   Data           4  os_task.o(.data)
    DownLinkTaskHandle                       0x24000014   Data           4  os_task.o(.data)
    uwTick                                   0x24000050   Data           4  stm32h7xx_hal.o(.data)
    uwTickPrio                               0x24000054   Data           4  stm32h7xx_hal.o(.data)
    uwTickFreq                               0x24000058   Data           1  stm32h7xx_hal.o(.data)
    SystemCoreClock                          0x2400005c   Data           4  system_stm32h7xx.o(.data)
    SystemD2Clock                            0x24000060   Data           4  system_stm32h7xx.o(.data)
    pxCurrentTCB                             0x24000064   Data           4  tasks.o(.data)
    RxPktSemaphore                           0x240000dc   Data           4  ethernetif.o(.data)
    TxPktSemaphore                           0x240000e0   Data           4  ethernetif.o(.data)
    LAN8742_IOCtx                            0x240000e4   Data          20  ethernetif.o(.data)
    YT8512C_IOCtx                            0x240000f8   Data          20  ethernetif.o(.data)
    ipaddr                                   0x2400010c   Data           4  lwip.o(.data)
    netmask                                  0x24000110   Data           4  lwip.o(.data)
    gw                                       0x24000114   Data           4  lwip.o(.data)
    IP_ADDRESS                               0x24000118   Data           4  lwip.o(.data)
    NETMASK_ADDRESS                          0x2400011c   Data           4  lwip.o(.data)
    GATEWAY_ADDRESS                          0x24000120   Data           4  lwip.o(.data)
    lock_tcpip_core                          0x24000130   Data           4  tcpip.o(.data)
    netif_list                               0x24000180   Data           4  netif.o(.data)
    netif_default                            0x24000184   Data           4  netif.o(.data)
    pbuf_free_ooseq_pending                  0x24000189   Data           1  pbuf.o(.data)
    tcp_ticks                                0x24000190   Data           4  tcp.o(.data)
    tcp_bound_pcbs                           0x24000194   Data           4  tcp.o(.data)
    tcp_listen_pcbs                          0x24000198   Data           4  tcp.o(.data)
    tcp_active_pcbs                          0x2400019c   Data           4  tcp.o(.data)
    tcp_tw_pcbs                              0x240001a0   Data           4  tcp.o(.data)
    tcp_active_pcbs_changed                  0x240001a4   Data           1  tcp.o(.data)
    tcp_input_pcb                            0x240001d0   Data           4  tcp_in.o(.data)
    udp_pcbs                                 0x240001e4   Data           4  udp.o(.data)
    errno                                    0x240001f4   Data           4  sys_arch.o(.data)
    lwip_sys_mutex                           0x240001f8   Data           4  sys_arch.o(.data)
    __stdout                                 0x24000200   Data           4  stdout.o(.data)
    huart1                                   0x24000464   Data         148  usart.o(.bss)
    hdma_usart1_rx                           0x240004f8   Data         120  usart.o(.bss)
    hdma_usart1_tx                           0x24000570   Data         120  usart.o(.bss)
    htim7                                    0x240005e8   Data          76  stm32h7xx_hal_timebase_tim.o(.bss)
    TaskRunTimeStat                          0x24000634   Data          36  g_runtime.o(.bss)
    soft_i2c2                                0x24002698   Data          16  _hal_myi2c.o(.bss)
    xQueueRegistry                           0x24002ba8   Data          64  queue.o(.bss)
    memp_memory_RX_POOL_base                 0x24007cd8   Data       18819  ethernetif.o(.bss)
    heth                                     0x2400c65c   Data         176  ethernetif.o(.bss)
    TxConfig                                 0x2400c70c   Data          56  ethernetif.o(.bss)
    LAN8742                                  0x2400c744   Data          32  ethernetif.o(.bss)
    YT8512C                                  0x2400c764   Data          32  ethernetif.o(.bss)
    gnetif                                   0x2400c784   Data          52  lwip.o(.bss)
    ip_data                                  0x2400c7b8   Data          24  ip.o(.bss)
    memp_memory_UDP_PCB_base                 0x2400c7d0   Data         643  memp.o(.bss)
    memp_memory_TCP_PCB_base                 0x2400ca53   Data        1563  memp.o(.bss)
    memp_memory_TCP_PCB_LISTEN_base          0x2400d06e   Data         227  memp.o(.bss)
    memp_memory_TCP_SEG_base                 0x2400d151   Data         259  memp.o(.bss)
    memp_memory_REASSDATA_base               0x2400d254   Data         163  memp.o(.bss)
    memp_memory_FRAG_PBUF_base               0x2400d2f7   Data         363  memp.o(.bss)
    memp_memory_NETBUF_base                  0x2400d462   Data          35  memp.o(.bss)
    memp_memory_NETCONN_base                 0x2400d485   Data         163  memp.o(.bss)
    memp_memory_TCPIP_MSG_API_base           0x2400d528   Data         131  memp.o(.bss)
    memp_memory_API_MSG_base                 0x2400d5ab   Data         259  memp.o(.bss)
    memp_memory_SELECT_CB_base               0x2400d6ae   Data         147  memp.o(.bss)
    memp_memory_TCPIP_MSG_INPKT_base         0x2400d741   Data         131  memp.o(.bss)
    memp_memory_SYS_TIMEOUT_base             0x2400d7c4   Data          51  memp.o(.bss)
    memp_memory_PBUF_base                    0x2400d7f7   Data        1603  memp.o(.bss)
    memp_memory_PBUF_POOL_base               0x2400de3a   Data        9731  memp.o(.bss)
    __initial_sp                             0x24011540   Data           0  startup_stm32h743xx.o(STACK)
    DMARxDscrTab                             0x30040000   Data          96  ethernetif.o(.ARM.__AT_0x30040000)
    DMATxDscrTab                             0x30040060   Data          96  ethernetif.o(.ARM.__AT_0x30040060)



==============================================================================

Memory Map of the image

  Image Entry point : 0x08000299

  Load Region LR_IROM1 (Base: 0x08000000, Size: 0x0001c2a4, Max: 0x00200000, ABSOLUTE, COMPRESSED[0x0001c0d8])

    Execution Region ER_IROM1 (Exec base: 0x08000000, Load base: 0x08000000, Size: 0x0001c0a0, Max: 0x00200000, ABSOLUTE)

    Exec Addr    Load Addr    Size         Type   Attr      Idx    E Section Name        Object

    0x08000000   0x08000000   0x00000298   Data   RO            3    RESET               startup_stm32h743xx.o
    0x08000298   0x08000298   0x00000000   Code   RO        12810  * .ARM.Collect$$$$00000000  mc_w.l(entry.o)
    0x08000298   0x08000298   0x00000004   Code   RO        13129    .ARM.Collect$$$$00000001  mc_w.l(entry2.o)
    0x0800029c   0x0800029c   0x00000004   Code   RO        13132    .ARM.Collect$$$$00000004  mc_w.l(entry5.o)
    0x080002a0   0x080002a0   0x00000000   Code   RO        13134    .ARM.Collect$$$$00000008  mc_w.l(entry7b.o)
    0x080002a0   0x080002a0   0x00000000   Code   RO        13136    .ARM.Collect$$$$0000000A  mc_w.l(entry8b.o)
    0x080002a0   0x080002a0   0x00000008   Code   RO        13137    .ARM.Collect$$$$0000000B  mc_w.l(entry9a.o)
    0x080002a8   0x080002a8   0x00000004   Code   RO        13144    .ARM.Collect$$$$0000000E  mc_w.l(entry12b.o)
    0x080002ac   0x080002ac   0x00000000   Code   RO        13139    .ARM.Collect$$$$0000000F  mc_w.l(entry10a.o)
    0x080002ac   0x080002ac   0x00000000   Code   RO        13141    .ARM.Collect$$$$00000011  mc_w.l(entry11a.o)
    0x080002ac   0x080002ac   0x00000004   Code   RO        13130    .ARM.Collect$$$$00002712  mc_w.l(entry2.o)
    0x080002b0   0x080002b0   0x000000be   Code   RO         7365    .emb_text           port.o
    0x0800036e   0x0800036e   0x00000002   PAD
    0x08000370   0x08000370   0x00000024   Code   RO            4    .text               startup_stm32h743xx.o
    0x08000394   0x08000394   0x00000062   Code   RO        12813    .text               mc_w.l(uldiv.o)
    0x080003f6   0x080003f6   0x00000002   PAD
    0x080003f8   0x080003f8   0x00000024   Code   RO        12843    .text               mc_w.l(rand.o)
    0x0800041c   0x0800041c   0x00000040   Code   RO        12848    .text               mc_w.l(memmovea.o)
    0x0800045c   0x0800045c   0x00000024   Code   RO        12852    .text               mc_w.l(memseta.o)
    0x08000480   0x08000480   0x0000001a   Code   RO        12856    .text               mc_w.l(memcmp.o)
    0x0800049a   0x0800049a   0x0000002c   Code   RO        13148    .text               mc_w.l(uidiv.o)
    0x080004c6   0x080004c6   0x0000001e   Code   RO        13150    .text               mc_w.l(llshl.o)
    0x080004e4   0x080004e4   0x00000020   Code   RO        13152    .text               mc_w.l(llushr.o)
    0x08000504   0x08000504   0x00000024   Code   RO        13174    .text               mc_w.l(init.o)
    0x08000528   0x08000528   0x00000000   Code   RO        13176    .text               mc_w.l(semi.o)
    0x08000528   0x08000528   0x00000000   Code   RO        13181    .text               mc_w.l(iusesemip.o)
    0x08000528   0x08000528   0x00000056   Code   RO        13194    .text               mc_w.l(__dczerorl2.o)
    0x0800057e   0x0800057e   0x00000004   Code   RO          583    i.BusFault_Handler  stm32h7xx_it.o
    0x08000582   0x08000582   0x00000002   PAD
    0x08000584   0x08000584   0x00000010   Code   RO          584    i.DMA1_Stream1_IRQHandler  stm32h7xx_it.o
    0x08000594   0x08000594   0x000000ec   Code   RO         2646    i.DMA_CalcBaseAndBitshift  stm32h7xx_hal_dma.o
    0x08000680   0x08000680   0x000000c4   Code   RO         2647    i.DMA_CalcDMAMUXChannelBaseAndMask  stm32h7xx_hal_dma.o
    0x08000744   0x08000744   0x00000098   Code   RO         2648    i.DMA_CalcDMAMUXRequestGenBaseAndMask  stm32h7xx_hal_dma.o
    0x080007dc   0x080007dc   0x000000ae   Code   RO         2649    i.DMA_CheckFifoParam  stm32h7xx_hal_dma.o
    0x0800088a   0x0800088a   0x00000002   PAD
    0x0800088c   0x0800088c   0x00000274   Code   RO         2650    i.DMA_SetConfig     stm32h7xx_hal_dma.o
    0x08000b00   0x08000b00   0x00000002   Code   RO          585    i.DebugMon_Handler  stm32h7xx_it.o
    0x08000b02   0x08000b02   0x00000002   PAD
    0x08000b04   0x08000b04   0x000000ac   Code   RO         1387    i.DownLinkTask_Function  datalinktask.o
    0x08000bb0   0x08000bb0   0x00000060   Code   RO         1449    i.ETH_DMARxDescListInit  stm32h7xx_hal_eth.o
    0x08000c10   0x08000c10   0x00000052   Code   RO         1450    i.ETH_DMATxDescListInit  stm32h7xx_hal_eth.o
    0x08000c62   0x08000c62   0x00000002   PAD
    0x08000c64   0x08000c64   0x00000010   Code   RO          586    i.ETH_IRQHandler    stm32h7xx_it.o
    0x08000c74   0x08000c74   0x00000106   Code   RO         1451    i.ETH_MACDMAConfig  stm32h7xx_hal_eth.o
    0x08000d7a   0x08000d7a   0x00000004   Code   RO         7445    i.ETH_PHY_IO_DeInit  ethernetif.o
    0x08000d7e   0x08000d7e   0x00000008   Code   RO         7446    i.ETH_PHY_IO_GetTick  ethernetif.o
    0x08000d86   0x08000d86   0x00000002   PAD
    0x08000d88   0x08000d88   0x00000010   Code   RO         7447    i.ETH_PHY_IO_Init   ethernetif.o
    0x08000d98   0x08000d98   0x00000024   Code   RO         7448    i.ETH_PHY_IO_ReadReg  ethernetif.o
    0x08000dbc   0x08000dbc   0x00000024   Code   RO         7449    i.ETH_PHY_IO_WriteReg  ethernetif.o
    0x08000de0   0x08000de0   0x000003d0   Code   RO         1452    i.ETH_Prepare_Tx_Descriptors  stm32h7xx_hal_eth.o
    0x080011b0   0x080011b0   0x000000bc   Code   RO         1453    i.ETH_SetDMAConfig  stm32h7xx_hal_eth.o
    0x0800126c   0x0800126c   0x00000194   Code   RO         1454    i.ETH_SetMACConfig  stm32h7xx_hal_eth.o
    0x08001400   0x08001400   0x00000098   Code   RO         1455    i.ETH_UpdateDescriptor  stm32h7xx_hal_eth.o
    0x08001498   0x08001498   0x00000006   Code   RO           13    i.Error_Handler     main.o
    0x0800149e   0x0800149e   0x00000002   PAD
    0x080014a0   0x080014a0   0x00000024   Code   RO          790    i.GetTask_Beatcnt   g_runtime.o
    0x080014c4   0x080014c4   0x00000024   Code   RO          791    i.GetTask_RunTime   g_runtime.o
    0x080014e8   0x080014e8   0x0000001c   Code   RO          792    i.Get_Free_Stack    g_runtime.o
    0x08001504   0x08001504   0x000004dc   Code   RO         2651    i.HAL_DMA_Abort     stm32h7xx_hal_dma.o
    0x080019e0   0x080019e0   0x00000398   Code   RO         2652    i.HAL_DMA_Abort_IT  stm32h7xx_hal_dma.o
    0x08001d78   0x08001d78   0x00000af8   Code   RO         2656    i.HAL_DMA_IRQHandler  stm32h7xx_hal_dma.o
    0x08002870   0x08002870   0x00000520   Code   RO         2657    i.HAL_DMA_Init      stm32h7xx_hal_dma.o
    0x08002d90   0x08002d90   0x000003e0   Code   RO         2661    i.HAL_DMA_Start_IT  stm32h7xx_hal_dma.o
    0x08003170   0x08003170   0x00000028   Code   RO         3506    i.HAL_Delay         stm32h7xx_hal.o
    0x08003198   0x08003198   0x00000002   Code   RO         1457    i.HAL_ETH_EEECallback  stm32h7xx_hal_eth.o
    0x0800319a   0x0800319a   0x00000002   PAD
    0x0800319c   0x0800319c   0x00000020   Code   RO         7450    i.HAL_ETH_ErrorCallback  ethernetif.o
    0x080031bc   0x080031bc   0x00000008   Code   RO         1462    i.HAL_ETH_GetDMAError  stm32h7xx_hal_eth.o
    0x080031c4   0x080031c4   0x000001d6   Code   RO         1464    i.HAL_ETH_GetMACConfig  stm32h7xx_hal_eth.o
    0x0800339a   0x0800339a   0x00000002   PAD
    0x0800339c   0x0800339c   0x000001c0   Code   RO         1470    i.HAL_ETH_IRQHandler  stm32h7xx_hal_eth.o
    0x0800355c   0x0800355c   0x00000168   Code   RO         1471    i.HAL_ETH_Init      stm32h7xx_hal_eth.o
    0x080036c4   0x080036c4   0x00000178   Code   RO         7452    i.HAL_ETH_MspInit   ethernetif.o
    0x0800383c   0x0800383c   0x00000002   Code   RO         1474    i.HAL_ETH_PMTCallback  stm32h7xx_hal_eth.o
    0x0800383e   0x0800383e   0x00000100   Code   RO         1475    i.HAL_ETH_ReadData  stm32h7xx_hal_eth.o
    0x0800393e   0x0800393e   0x00000078   Code   RO         1476    i.HAL_ETH_ReadPHYRegister  stm32h7xx_hal_eth.o
    0x080039b6   0x080039b6   0x0000007a   Code   RO         1480    i.HAL_ETH_ReleaseTxPacket  stm32h7xx_hal_eth.o
    0x08003a30   0x08003a30   0x00000048   Code   RO         7453    i.HAL_ETH_RxAllocateCallback  ethernetif.o
    0x08003a78   0x08003a78   0x00000014   Code   RO         7454    i.HAL_ETH_RxCpltCallback  ethernetif.o
    0x08003a8c   0x08003a8c   0x000000a4   Code   RO         7455    i.HAL_ETH_RxLinkCallback  ethernetif.o
    0x08003b30   0x08003b30   0x00000024   Code   RO         1486    i.HAL_ETH_SetMACConfig  stm32h7xx_hal_eth.o
    0x08003b54   0x08003b54   0x00000078   Code   RO         1488    i.HAL_ETH_SetMDIOClockRange  stm32h7xx_hal_eth.o
    0x08003bcc   0x08003bcc   0x000000e0   Code   RO         1493    i.HAL_ETH_Start_IT  stm32h7xx_hal_eth.o
    0x08003cac   0x08003cac   0x000000ae   Code   RO         1495    i.HAL_ETH_Stop_IT   stm32h7xx_hal_eth.o
    0x08003d5a   0x08003d5a   0x00000082   Code   RO         1497    i.HAL_ETH_Transmit_IT  stm32h7xx_hal_eth.o
    0x08003ddc   0x08003ddc   0x00000014   Code   RO         7456    i.HAL_ETH_TxCpltCallback  ethernetif.o
    0x08003df0   0x08003df0   0x0000000c   Code   RO         7457    i.HAL_ETH_TxFreeCallback  ethernetif.o
    0x08003dfc   0x08003dfc   0x00000002   Code   RO         1503    i.HAL_ETH_WakeUpCallback  stm32h7xx_hal_eth.o
    0x08003dfe   0x08003dfe   0x00000002   PAD
    0x08003e00   0x08003e00   0x00000080   Code   RO         1504    i.HAL_ETH_WritePHYRegister  stm32h7xx_hal_eth.o
    0x08003e80   0x08003e80   0x000001fc   Code   RO         2499    i.HAL_GPIO_Init     stm32h7xx_hal_gpio.o
    0x0800407c   0x0800407c   0x00000010   Code   RO         2501    i.HAL_GPIO_ReadPin  stm32h7xx_hal_gpio.o
    0x0800408c   0x0800408c   0x0000000c   Code   RO         2503    i.HAL_GPIO_WritePin  stm32h7xx_hal_gpio.o
    0x08004098   0x08004098   0x0000000c   Code   RO         3517    i.HAL_GetREVID      stm32h7xx_hal.o
    0x080040a4   0x080040a4   0x0000000c   Code   RO         3518    i.HAL_GetTick       stm32h7xx_hal.o
    0x080040b0   0x080040b0   0x00000018   Code   RO         3524    i.HAL_IncTick       stm32h7xx_hal.o
    0x080040c8   0x080040c8   0x00000060   Code   RO         3525    i.HAL_Init          stm32h7xx_hal.o
    0x08004128   0x08004128   0x000000a0   Code   RO          689    i.HAL_InitTick      stm32h7xx_hal_timebase_tim.o
    0x080041c8   0x080041c8   0x0000005c   Code   RO         3354    i.HAL_MPU_ConfigRegion  stm32h7xx_hal_cortex.o
    0x08004224   0x08004224   0x0000002c   Code   RO         3355    i.HAL_MPU_Disable   stm32h7xx_hal_cortex.o
    0x08004250   0x08004250   0x00000040   Code   RO         3356    i.HAL_MPU_Enable    stm32h7xx_hal_cortex.o
    0x08004290   0x08004290   0x00000030   Code   RO          665    i.HAL_MspInit       stm32h7xx_hal_msp.o
    0x080042c0   0x080042c0   0x00000028   Code   RO         3359    i.HAL_NVIC_EnableIRQ  stm32h7xx_hal_cortex.o
    0x080042e8   0x080042e8   0x0000007a   Code   RO         3365    i.HAL_NVIC_SetPriority  stm32h7xx_hal_cortex.o
    0x08004362   0x08004362   0x00000002   PAD
    0x08004364   0x08004364   0x00000028   Code   RO         3366    i.HAL_NVIC_SetPriorityGrouping  stm32h7xx_hal_cortex.o
    0x0800438c   0x0800438c   0x00000060   Code   RO         3100    i.HAL_PWREx_ConfigSupply  stm32h7xx_hal_pwr_ex.o
    0x080043ec   0x080043ec   0x00000024   Code   RO         2050    i.HAL_RCCEx_GetD3PCLK1Freq  stm32h7xx_hal_rcc_ex.o
    0x08004410   0x08004410   0x00000230   Code   RO         2052    i.HAL_RCCEx_GetPLL2ClockFreq  stm32h7xx_hal_rcc_ex.o
    0x08004640   0x08004640   0x00000230   Code   RO         2053    i.HAL_RCCEx_GetPLL3ClockFreq  stm32h7xx_hal_rcc_ex.o
    0x08004870   0x08004870   0x00000d68   Code   RO         2059    i.HAL_RCCEx_PeriphCLKConfig  stm32h7xx_hal_rcc_ex.o
    0x080055d8   0x080055d8   0x00000320   Code   RO         1935    i.HAL_RCC_ClockConfig  stm32h7xx_hal_rcc.o
    0x080058f8   0x080058f8   0x0000006c   Code   RO         1939    i.HAL_RCC_GetClockConfig  stm32h7xx_hal_rcc.o
    0x08005964   0x08005964   0x0000004c   Code   RO         1940    i.HAL_RCC_GetHCLKFreq  stm32h7xx_hal_rcc.o
    0x080059b0   0x080059b0   0x00000024   Code   RO         1942    i.HAL_RCC_GetPCLK1Freq  stm32h7xx_hal_rcc.o
    0x080059d4   0x080059d4   0x00000024   Code   RO         1943    i.HAL_RCC_GetPCLK2Freq  stm32h7xx_hal_rcc.o
    0x080059f8   0x080059f8   0x0000022c   Code   RO         1944    i.HAL_RCC_GetSysClockFreq  stm32h7xx_hal_rcc.o
    0x08005c24   0x08005c24   0x00000858   Code   RO         1947    i.HAL_RCC_OscConfig  stm32h7xx_hal_rcc.o
    0x0800647c   0x0800647c   0x00000014   Code   RO         3537    i.HAL_SYSCFG_ETHInterfaceSelect  stm32h7xx_hal.o
    0x08006490   0x08006490   0x00000002   Code   RO         5136    i.HAL_TIMEx_Break2Callback  stm32h7xx_hal_tim_ex.o
    0x08006492   0x08006492   0x00000002   Code   RO         5137    i.HAL_TIMEx_BreakCallback  stm32h7xx_hal_tim_ex.o
    0x08006494   0x08006494   0x00000002   Code   RO         5138    i.HAL_TIMEx_CommutCallback  stm32h7xx_hal_tim_ex.o
    0x08006496   0x08006496   0x0000006e   Code   RO         4411    i.HAL_TIM_Base_Init  stm32h7xx_hal_tim.o
    0x08006504   0x08006504   0x00000002   Code   RO         4413    i.HAL_TIM_Base_MspInit  stm32h7xx_hal_tim.o
    0x08006506   0x08006506   0x00000002   PAD
    0x08006508   0x08006508   0x000000b4   Code   RO         4416    i.HAL_TIM_Base_Start_IT  stm32h7xx_hal_tim.o
    0x080065bc   0x080065bc   0x00000002   Code   RO         4445    i.HAL_TIM_IC_CaptureCallback  stm32h7xx_hal_tim.o
    0x080065be   0x080065be   0x000001b8   Code   RO         4459    i.HAL_TIM_IRQHandler  stm32h7xx_hal_tim.o
    0x08006776   0x08006776   0x00000002   Code   RO         4462    i.HAL_TIM_OC_DelayElapsedCallback  stm32h7xx_hal_tim.o
    0x08006778   0x08006778   0x00000002   Code   RO         4489    i.HAL_TIM_PWM_PulseFinishedCallback  stm32h7xx_hal_tim.o
    0x0800677a   0x0800677a   0x00000002   PAD
    0x0800677c   0x0800677c   0x00000018   Code   RO           14    i.HAL_TIM_PeriodElapsedCallback  main.o
    0x08006794   0x08006794   0x00000002   Code   RO         4502    i.HAL_TIM_TriggerCallback  stm32h7xx_hal_tim.o
    0x08006796   0x08006796   0x0000004e   Code   RO         5852    i.HAL_UARTEx_DisableFifoMode  stm32h7xx_hal_uart_ex.o
    0x080067e4   0x080067e4   0x00000062   Code   RO         5858    i.HAL_UARTEx_ReceiveToIdle_DMA  stm32h7xx_hal_uart_ex.o
    0x08006846   0x08006846   0x00000002   PAD
    0x08006848   0x08006848   0x0000002c   Code   RO         1011    i.HAL_UARTEx_RxEventCallback  _hal_usart.o
    0x08006874   0x08006874   0x00000002   Code   RO         5860    i.HAL_UARTEx_RxFifoFullCallback  stm32h7xx_hal_uart_ex.o
    0x08006876   0x08006876   0x0000005e   Code   RO         5861    i.HAL_UARTEx_SetRxFifoThreshold  stm32h7xx_hal_uart_ex.o
    0x080068d4   0x080068d4   0x0000005e   Code   RO         5862    i.HAL_UARTEx_SetTxFifoThreshold  stm32h7xx_hal_uart_ex.o
    0x08006932   0x08006932   0x00000002   Code   RO         5864    i.HAL_UARTEx_TxFifoEmptyCallback  stm32h7xx_hal_uart_ex.o
    0x08006934   0x08006934   0x00000002   Code   RO         5865    i.HAL_UARTEx_WakeupCallback  stm32h7xx_hal_uart_ex.o
    0x08006936   0x08006936   0x00000002   Code   RO         5452    i.HAL_UART_ErrorCallback  stm32h7xx_hal_uart.o
    0x08006938   0x08006938   0x00000494   Code   RO         5455    i.HAL_UART_IRQHandler  stm32h7xx_hal_uart.o
    0x08006dcc   0x08006dcc   0x00000078   Code   RO         5456    i.HAL_UART_Init     stm32h7xx_hal_uart.o
    0x08006e44   0x08006e44   0x00000138   Code   RO          542    i.HAL_UART_MspInit  usart.o
    0x08006f7c   0x08006f7c   0x00000002   Code   RO         5463    i.HAL_UART_RxCpltCallback  stm32h7xx_hal_uart.o
    0x08006f7e   0x08006f7e   0x00000002   Code   RO         5464    i.HAL_UART_RxHalfCpltCallback  stm32h7xx_hal_uart.o
    0x08006f80   0x08006f80   0x000000a0   Code   RO         5466    i.HAL_UART_Transmit_DMA  stm32h7xx_hal_uart.o
    0x08007020   0x08007020   0x00000020   Code   RO         1012    i.HAL_UART_TxCpltCallback  _hal_usart.o
    0x08007040   0x08007040   0x00000002   Code   RO         5469    i.HAL_UART_TxHalfCpltCallback  stm32h7xx_hal_uart.o
    0x08007042   0x08007042   0x00000004   Code   RO          587    i.HardFault_Handler  stm32h7xx_it.o
    0x08007046   0x08007046   0x00000002   PAD
    0x08007048   0x08007048   0x0000002c   Code   RO         1354    i.HeartBeat_Sign    heartbeattask.o
    0x08007074   0x08007074   0x00000034   Code   RO         1355    i.HeartbeatTask_Function  heartbeattask.o
    0x080070a8   0x080070a8   0x00000084   Code   RO           15    i.MPU_Config        main.o
    0x0800712c   0x0800712c   0x00000034   Code   RO          517    i.MX_DMA_Init       dma.o
    0x08007160   0x08007160   0x00000028   Code   RO          440    i.MX_FREERTOS_Init  freertos.o
    0x08007188   0x08007188   0x000000fc   Code   RO          412    i.MX_GPIO_Init      gpio.o
    0x08007284   0x08007284   0x00000260   Code   RO         7635    i.MX_LWIP_Init      lwip.o
    0x080074e4   0x080074e4   0x0000006c   Code   RO          543    i.MX_USART1_UART_Init  usart.o
    0x08007550   0x08007550   0x00000004   Code   RO          588    i.MemManage_Handler  stm32h7xx_it.o
    0x08007554   0x08007554   0x00000004   Code   RO          589    i.NMI_Handler       stm32h7xx_it.o
    0x08007558   0x08007558   0x00000010   Code   RO          836    i.Os_Init           os_init.o
    0x08007568   0x08007568   0x00000002   Code   RO          911    i.Os_Queue_Init     os_queue.o
    0x0800756a   0x0800756a   0x00000002   Code   RO          947    i.Os_Semaphore_Init  os_semaphore.o
    0x0800756c   0x0800756c   0x0000008c   Code   RO          865    i.Os_Task_Init      os_task.o
    0x080075f8   0x080075f8   0x00000164   Code   RO         2062    i.RCCEx_PLL2_Config  stm32h7xx_hal_rcc_ex.o
    0x0800775c   0x0800775c   0x00000164   Code   RO         2063    i.RCCEx_PLL3_Config  stm32h7xx_hal_rcc_ex.o
    0x080078c0   0x080078c0   0x0000000e   Code   RO          441    i.StartDefaultTask  freertos.o
    0x080078ce   0x080078ce   0x00000002   PAD
    0x080078d0   0x080078d0   0x00000034   Code   RO         7366    i.SysTick_Handler   port.o
    0x08007904   0x08007904   0x00000134   Code   RO           16    i.SystemClock_Config  main.o
    0x08007a38   0x08007a38   0x000000fc   Code   RO         5976    i.SystemInit        system_stm32h7xx.o
    0x08007b34   0x08007b34   0x00000010   Code   RO          590    i.TIM7_IRQHandler   stm32h7xx_it.o
    0x08007b44   0x08007b44   0x000000cc   Code   RO         4504    i.TIM_Base_SetConfig  stm32h7xx_hal_tim.o
    0x08007c10   0x08007c10   0x00000058   Code   RO         5866    i.UARTEx_SetNbDataToProcess  stm32h7xx_hal_uart_ex.o
    0x08007c68   0x08007c68   0x000000f8   Code   RO         5470    i.UART_AdvFeatureConfig  stm32h7xx_hal_uart.o
    0x08007d60   0x08007d60   0x000000ea   Code   RO         5471    i.UART_CheckIdleState  stm32h7xx_hal_uart.o
    0x08007e4a   0x08007e4a   0x00000018   Code   RO         5472    i.UART_DMAAbortOnError  stm32h7xx_hal_uart.o
    0x08007e62   0x08007e62   0x0000005e   Code   RO         5473    i.UART_DMAError     stm32h7xx_hal_uart.o
    0x08007ec0   0x08007ec0   0x000000ae   Code   RO         5474    i.UART_DMAReceiveCplt  stm32h7xx_hal_uart.o
    0x08007f6e   0x08007f6e   0x00000026   Code   RO         5476    i.UART_DMARxHalfCplt  stm32h7xx_hal_uart.o
    0x08007f94   0x08007f94   0x00000054   Code   RO         5478    i.UART_DMATransmitCplt  stm32h7xx_hal_uart.o
    0x08007fe8   0x08007fe8   0x0000000e   Code   RO         5480    i.UART_DMATxHalfCplt  stm32h7xx_hal_uart.o
    0x08007ff6   0x08007ff6   0x00000002   PAD
    0x08007ff8   0x08007ff8   0x0000006c   Code   RO         5482    i.UART_EndRxTransfer  stm32h7xx_hal_uart.o
    0x08008064   0x08008064   0x00000030   Code   RO         5483    i.UART_EndTransmit_IT  stm32h7xx_hal_uart.o
    0x08008094   0x08008094   0x00000040   Code   RO         5484    i.UART_EndTxTransfer  stm32h7xx_hal_uart.o
    0x080080d4   0x080080d4   0x0000058c   Code   RO         5489    i.UART_SetConfig    stm32h7xx_hal_uart.o
    0x08008660   0x08008660   0x000000c8   Code   RO         5490    i.UART_Start_Receive_DMA  stm32h7xx_hal_uart.o
    0x08008728   0x08008728   0x000000a2   Code   RO         5496    i.UART_WaitOnFlagUntilTimeout  stm32h7xx_hal_uart.o
    0x080087ca   0x080087ca   0x00000002   PAD
    0x080087cc   0x080087cc   0x00000074   Code   RO         1388    i.UPLinkTask_Function  datalinktask.o
    0x08008840   0x08008840   0x00000010   Code   RO          591    i.USART1_IRQHandler  stm32h7xx_it.o
    0x08008850   0x08008850   0x00000028   Code   RO         1013    i.USER_UARTEx_RxEventCallback  _hal_usart.o
    0x08008878   0x08008878   0x0000002c   Code   RO         1014    i.USER_UART_TxCpltCallback  _hal_usart.o
    0x080088a4   0x080088a4   0x00000046   Code   RO         1015    i.Uart_ReceiveBuffer  _hal_usart.o
    0x080088ea   0x080088ea   0x000000c6   Code   RO         1016    i.Uart_SendBuffer   _hal_usart.o
    0x080089b0   0x080089b0   0x0000003a   Code   RO         1017    i.Uart_SendBufferNonBlockingInternal  _hal_usart.o
    0x080089ea   0x080089ea   0x00000062   Code   RO         1018    i.Uart_StartTX      _hal_usart.o
    0x08008a4c   0x08008a4c   0x0000000c   Code   RO         1019    i.Uart_Validate     _hal_usart.o
    0x08008a58   0x08008a58   0x00000004   Code   RO          592    i.UsageFault_Handler  stm32h7xx_it.o
    0x08008a5c   0x08008a5c   0x00000020   Code   RO        12955    i.__0printf$3       mc_w.l(printf3.o)
    0x08008a7c   0x08008a7c   0x00000010   Code   RO         3372    i.__NVIC_GetPriorityGrouping  stm32h7xx_hal_cortex.o
    0x08008a8c   0x08008a8c   0x00000028   Code   RO         3373    i.__NVIC_SetPriority  stm32h7xx_hal_cortex.o
    0x08008ab4   0x08008ab4   0x0000000e   Code   RO        13188    i.__scatterload_copy  mc_w.l(handlers.o)
    0x08008ac2   0x08008ac2   0x00000002   Code   RO        13189    i.__scatterload_null  mc_w.l(handlers.o)
    0x08008ac4   0x08008ac4   0x0000000e   Code   RO        13190    i.__scatterload_zeroinit  mc_w.l(handlers.o)
    0x08008ad2   0x08008ad2   0x0000000c   Code   RO          984    i._hal_all_Init     _hal_init.o
    0x08008ade   0x08008ade   0x00000002   PAD
    0x08008ae0   0x08008ae0   0x00000024   Code   RO         1100    i._hal_soft_i2c_Init  _hal_myi2c.o
    0x08008b04   0x08008b04   0x00000076   Code   RO         1020    i._hal_uart_Init    _hal_usart.o
    0x08008b7a   0x08008b7a   0x00000002   PAD
    0x08008b7c   0x08008b7c   0x00000024   Code   RO         1021    i._hal_usart_Init   _hal_usart.o
    0x08008ba0   0x08008ba0   0x000001b8   Code   RO        12962    i._printf_core      mc_w.l(printf3.o)
    0x08008d58   0x08008d58   0x00000002   Code   RO          442    i.configureTimerForRunTimeStats  freertos.o
    0x08008d5a   0x08008d5a   0x00000002   PAD
    0x08008d5c   0x08008d5c   0x000000bc   Code   RO        10298    i.do_memp_free_pool  memp.o
    0x08008e18   0x08008e18   0x000000c8   Code   RO        10299    i.do_memp_malloc_pool  memp.o
    0x08008ee0   0x08008ee0   0x00000008   Code   RO         1195    i.drv_all_Init      drv_init.o
    0x08008ee8   0x08008ee8   0x00000200   Code   RO         9002    i.err_tcp           api_msg.o
    0x080090e8   0x080090e8   0x00000038   Code   RO        11784    i.etharp_cleanup_netif  etharp.o
    0x08009120   0x08009120   0x00000300   Code   RO        11786    i.etharp_find_entry  etharp.o
    0x08009420   0x08009420   0x00000040   Code   RO        11787    i.etharp_free_entry  etharp.o
    0x08009460   0x08009460   0x0000013c   Code   RO        11789    i.etharp_input      etharp.o
    0x0800959c   0x0800959c   0x00000224   Code   RO        11790    i.etharp_output     etharp.o
    0x080097c0   0x080097c0   0x00000168   Code   RO        11791    i.etharp_output_to_arp_index  etharp.o
    0x08009928   0x08009928   0x000002a4   Code   RO        11792    i.etharp_query      etharp.o
    0x08009bcc   0x08009bcc   0x0000018c   Code   RO        11793    i.etharp_raw        etharp.o
    0x08009d58   0x08009d58   0x00000018   Code   RO        11794    i.etharp_request    etharp.o
    0x08009d70   0x08009d70   0x0000002c   Code   RO        11795    i.etharp_request_dst  etharp.o
    0x08009d9c   0x08009d9c   0x000000dc   Code   RO        11796    i.etharp_tmr        etharp.o
    0x08009e78   0x08009e78   0x0000015c   Code   RO        11797    i.etharp_update_arp_entry  etharp.o
    0x08009fd4   0x08009fd4   0x000000c4   Code   RO         8523    i.ethernet_input    ethernet.o
    0x0800a098   0x0800a098   0x00000002   Code   RO         7636    i.ethernet_link_status_updated  lwip.o
    0x0800a09a   0x0800a09a   0x00000002   PAD
    0x0800a09c   0x0800a09c   0x000000f0   Code   RO         7458    i.ethernet_link_thread  ethernetif.o
    0x0800a18c   0x0800a18c   0x00000104   Code   RO         8524    i.ethernet_output   ethernet.o
    0x0800a290   0x0800a290   0x00000098   Code   RO         7459    i.ethernetif_init   ethernetif.o
    0x0800a328   0x0800a328   0x00000040   Code   RO         7460    i.ethernetif_input  ethernetif.o
    0x0800a368   0x0800a368   0x00000082   Code   RO         1222    i.fifoBuf_getData   drv_fifo.o
    0x0800a3ea   0x0800a3ea   0x00000016   Code   RO         1224    i.fifoBuf_getFree   drv_fifo.o
    0x0800a400   0x0800a400   0x00000012   Code   RO         1225    i.fifoBuf_getSize   drv_fifo.o
    0x0800a412   0x0800a412   0x0000001a   Code   RO         1226    i.fifoBuf_getUsed   drv_fifo.o
    0x0800a42c   0x0800a42c   0x0000000c   Code   RO         1227    i.fifoBuf_init      drv_fifo.o
    0x0800a438   0x0800a438   0x00000082   Code   RO         1229    i.fifoBuf_putData   drv_fifo.o
    0x0800a4ba   0x0800a4ba   0x00000012   Code   RO        13145    i.fputc             mc_w.l(fputc.o)
    0x0800a4cc   0x0800a4cc   0x0000000c   Code   RO          728    i.g_Init            g_init.o
    0x0800a4d8   0x0800a4d8   0x00000004   Code   RO          443    i.getRunTimeCounterValue  freertos.o
    0x0800a4dc   0x0800a4dc   0x00000036   Code   RO         1101    i.i2c_Ack           _hal_myi2c.o
    0x0800a512   0x0800a512   0x00000010   Code   RO         1102    i.i2c_Delay         _hal_myi2c.o
    0x0800a522   0x0800a522   0x0000002a   Code   RO         1103    i.i2c_NAck          _hal_myi2c.o
    0x0800a54c   0x0800a54c   0x00000054   Code   RO         1104    i.i2c_ReadByte      _hal_myi2c.o
    0x0800a5a0   0x0800a5a0   0x00000024   Code   RO         1105    i.i2c_SCL           _hal_myi2c.o
    0x0800a5c4   0x0800a5c4   0x00000024   Code   RO         1106    i.i2c_SDA           _hal_myi2c.o
    0x0800a5e8   0x0800a5e8   0x00000010   Code   RO         1107    i.i2c_SDA_READ      _hal_myi2c.o
    0x0800a5f8   0x0800a5f8   0x00000058   Code   RO         1108    i.i2c_SendByte      _hal_myi2c.o
    0x0800a650   0x0800a650   0x00000032   Code   RO         1109    i.i2c_Start         _hal_myi2c.o
    0x0800a682   0x0800a682   0x0000002a   Code   RO         1110    i.i2c_Stop          _hal_myi2c.o
    0x0800a6ac   0x0800a6ac   0x0000004c   Code   RO         1111    i.i2c_WaitAck       _hal_myi2c.o
    0x0800a6f8   0x0800a6f8   0x00000012   Code   RO        11891    i.icmp_dest_unreach  icmp.o
    0x0800a70a   0x0800a70a   0x00000002   PAD
    0x0800a70c   0x0800a70c   0x000002dc   Code   RO        11892    i.icmp_input        icmp.o
    0x0800a9e8   0x0800a9e8   0x00000130   Code   RO        11893    i.icmp_send_response  icmp.o
    0x0800ab18   0x0800ab18   0x00000012   Code   RO        11894    i.icmp_time_exceeded  icmp.o
    0x0800ab2a   0x0800ab2a   0x00000010   Code   RO         6929    i.inHandlerMode     cmsis_os.o
    0x0800ab3a   0x0800ab3a   0x00000014   Code   RO        10054    i.inet_chksum       inet_chksum.o
    0x0800ab4e   0x0800ab4e   0x00000056   Code   RO        10055    i.inet_chksum_pbuf  inet_chksum.o
    0x0800aba4   0x0800aba4   0x0000004c   Code   RO        10056    i.inet_chksum_pseudo  inet_chksum.o
    0x0800abf0   0x0800abf0   0x00000084   Code   RO        10058    i.inet_cksum_pseudo_base  inet_chksum.o
    0x0800ac74   0x0800ac74   0x0000004e   Code   RO        12020    i.ip4_addr_isbroadcast_u32  ip4_addr.o
    0x0800acc2   0x0800acc2   0x00000002   PAD
    0x0800acc4   0x0800acc4   0x000002dc   Code   RO        12092    i.ip4_frag          ip4_frag.o
    0x0800afa0   0x0800afa0   0x000001b8   Code   RO        11961    i.ip4_input         ip4.o
    0x0800b158   0x0800b158   0x00000034   Code   RO        11962    i.ip4_input_accept  ip4.o
    0x0800b18c   0x0800b18c   0x00000036   Code   RO        11964    i.ip4_output_if     ip4.o
    0x0800b1c2   0x0800b1c2   0x00000002   PAD
    0x0800b1c4   0x0800b1c4   0x000001b4   Code   RO        11965    i.ip4_output_if_src  ip4.o
    0x0800b378   0x0800b378   0x00000320   Code   RO        12093    i.ip4_reass         ip4_frag.o
    0x0800b698   0x0800b698   0x00000094   Code   RO        11966    i.ip4_route         ip4.o
    0x0800b72c   0x0800b72c   0x00000024   Code   RO        10060    i.ip_chksum_pseudo  inet_chksum.o
    0x0800b750   0x0800b750   0x0000000a   Code   RO        12094    i.ip_frag_alloc_pbuf_custom_ref  ip4_frag.o
    0x0800b75a   0x0800b75a   0x00000002   PAD
    0x0800b75c   0x0800b75c   0x00000098   Code   RO        12095    i.ip_frag_free_pbuf_custom_ref  ip4_frag.o
    0x0800b7f4   0x0800b7f4   0x00000304   Code   RO        12096    i.ip_reass_chain_frag_into_datagram_and_validate  ip4_frag.o
    0x0800baf8   0x0800baf8   0x000000c4   Code   RO        12097    i.ip_reass_dequeue_datagram  ip4_frag.o
    0x0800bbbc   0x0800bbbc   0x00000054   Code   RO        12098    i.ip_reass_enqueue_new_datagram  ip4_frag.o
    0x0800bc10   0x0800bc10   0x000001e0   Code   RO        12099    i.ip_reass_free_complete_datagram  ip4_frag.o
    0x0800bdf0   0x0800bdf0   0x00000088   Code   RO        12100    i.ip_reass_remove_oldest_datagram  ip4_frag.o
    0x0800be78   0x0800be78   0x00000034   Code   RO        12101    i.ip_reass_tmr      ip4_frag.o
    0x0800beac   0x0800beac   0x000000c8   Code   RO        12102    i.ipfrag_free_pbuf_custom  ip4_frag.o
    0x0800bf74   0x0800bf74   0x0000026c   Code   RO         7461    i.low_level_init    ethernetif.o
    0x0800c1e0   0x0800c1e0   0x000000a0   Code   RO         7462    i.low_level_input   ethernetif.o
    0x0800c280   0x0800c280   0x0000014c   Code   RO         7463    i.low_level_output  ethernetif.o
    0x0800c3cc   0x0800c3cc   0x00000050   Code   RO        11514    i.lwip_cyclic_timer  timeouts.o
    0x0800c41c   0x0800c41c   0x0000001a   Code   RO         9974    i.lwip_htonl        def.o
    0x0800c436   0x0800c436   0x0000000c   Code   RO         9975    i.lwip_htons        def.o
    0x0800c442   0x0800c442   0x00000002   PAD
    0x0800c444   0x0800c444   0x000000a0   Code   RO        10131    i.lwip_init         init.o
    0x0800c4e4   0x0800c4e4   0x00000050   Code   RO         9003    i.lwip_netconn_do_bind  api_msg.o
    0x0800c534   0x0800c534   0x0000015c   Code   RO         9005    i.lwip_netconn_do_close  api_msg.o
    0x0800c690   0x0800c690   0x0000035c   Code   RO         9006    i.lwip_netconn_do_close_internal  api_msg.o
    0x0800c9ec   0x0800c9ec   0x00000018   Code   RO         9013    i.lwip_netconn_do_newconn  api_msg.o
    0x0800ca04   0x0800ca04   0x00000048   Code   RO         9014    i.lwip_netconn_do_recv  api_msg.o
    0x0800ca4c   0x0800ca4c   0x00000064   Code   RO         9015    i.lwip_netconn_do_send  api_msg.o
    0x0800cab0   0x0800cab0   0x0000041c   Code   RO         9017    i.lwip_netconn_do_writemore  api_msg.o
    0x0800cecc   0x0800cecc   0x000000b4   Code   RO         9018    i.lwip_netconn_err_to_msg  api_msg.o
    0x0800cf80   0x0800cf80   0x000000c0   Code   RO         9019    i.lwip_netconn_is_err_msg  api_msg.o
    0x0800d040   0x0800d040   0x0000005e   Code   RO        10062    i.lwip_standard_chksum  inet_chksum.o
    0x0800d09e   0x0800d09e   0x00000002   PAD
    0x0800d0a0   0x0800d0a0   0x00000170   Code   RO           17    i.main              main.o
    0x0800d210   0x0800d210   0x0000000e   Code   RO         6931    i.makeFreeRtosPriority  cmsis_os.o
    0x0800d21e   0x0800d21e   0x00000002   PAD
    0x0800d220   0x0800d220   0x00000210   Code   RO        10215    i.mem_free          mem.o
    0x0800d430   0x0800d430   0x000000f0   Code   RO        10216    i.mem_init          mem.o
    0x0800d520   0x0800d520   0x00000058   Code   RO        10217    i.mem_link_valid    mem.o
    0x0800d578   0x0800d578   0x000002bc   Code   RO        10218    i.mem_malloc        mem.o
    0x0800d834   0x0800d834   0x00000010   Code   RO        10219    i.mem_to_ptr        mem.o
    0x0800d844   0x0800d844   0x00000250   Code   RO        10220    i.mem_trim          mem.o
    0x0800da94   0x0800da94   0x000000b0   Code   RO        10300    i.memp_free         memp.o
    0x0800db44   0x0800db44   0x000000a0   Code   RO        10301    i.memp_free_pool    memp.o
    0x0800dbe4   0x0800dbe4   0x00000020   Code   RO        10302    i.memp_init         memp.o
    0x0800dc04   0x0800dc04   0x0000002c   Code   RO        10303    i.memp_init_pool    memp.o
    0x0800dc30   0x0800dc30   0x000000b0   Code   RO        10304    i.memp_malloc       memp.o
    0x0800dce0   0x0800dce0   0x00000098   Code   RO        10305    i.memp_malloc_pool  memp.o
    0x0800dd78   0x0800dd78   0x00000130   Code   RO         9309    i.netbuf_data       netbuf.o
    0x0800dea8   0x0800dea8   0x00000020   Code   RO         9310    i.netbuf_delete     netbuf.o
    0x0800dec8   0x0800dec8   0x0000001a   Code   RO         9313    i.netbuf_new        netbuf.o
    0x0800dee2   0x0800dee2   0x00000002   PAD
    0x0800dee4   0x0800dee4   0x000000b8   Code   RO         9314    i.netbuf_next       netbuf.o
    0x0800df9c   0x0800df9c   0x000000d0   Code   RO         9315    i.netbuf_ref        netbuf.o
    0x0800e06c   0x0800e06c   0x00000124   Code   RO         9020    i.netconn_alloc     api_msg.o
    0x0800e190   0x0800e190   0x00000022   Code   RO         8761    i.netconn_apimsg    api_lib.o
    0x0800e1b2   0x0800e1b2   0x00000002   PAD
    0x0800e1b4   0x0800e1b4   0x000000e4   Code   RO         8762    i.netconn_bind      api_lib.o
    0x0800e298   0x0800e298   0x000000d8   Code   RO         8765    i.netconn_close_shutdown  api_lib.o
    0x0800e370   0x0800e370   0x000000aa   Code   RO         9021    i.netconn_drain     api_msg.o
    0x0800e41a   0x0800e41a   0x00000022   Code   RO         8769    i.netconn_err       api_lib.o
    0x0800e43c   0x0800e43c   0x00000184   Code   RO         9022    i.netconn_free      api_msg.o
    0x0800e5c0   0x0800e5c0   0x000001c4   Code   RO         8772    i.netconn_new_with_proto_and_callback  api_lib.o
    0x0800e784   0x0800e784   0x00000160   Code   RO         8774    i.netconn_recv      api_lib.o
    0x0800e8e4   0x0800e8e4   0x000001d8   Code   RO         8775    i.netconn_recv_data  api_lib.o
    0x0800eabc   0x0800eabc   0x000000f0   Code   RO         8776    i.netconn_recv_data_tcp  api_lib.o
    0x0800ebac   0x0800ebac   0x000000d4   Code   RO         8781    i.netconn_send      api_lib.o
    0x0800ec80   0x0800ec80   0x0000002c   Code   RO         8782    i.netconn_sendto    api_lib.o
    0x0800ecac   0x0800ecac   0x000000c4   Code   RO         8785    i.netconn_tcp_recvd_msg  api_lib.o
    0x0800ed70   0x0800ed70   0x00000238   Code   RO        10411    i.netif_add         netif.o
    0x0800efa8   0x0800efa8   0x00000018   Code   RO        10413    i.netif_do_ip_addr_changed  netif.o
    0x0800efc0   0x0800efc0   0x00000026   Code   RO        10414    i.netif_do_set_gw   netif.o
    0x0800efe6   0x0800efe6   0x00000002   PAD
    0x0800efe8   0x0800efe8   0x000000e0   Code   RO        10415    i.netif_do_set_ipaddr  netif.o
    0x0800f0c8   0x0800f0c8   0x00000026   Code   RO        10416    i.netif_do_set_netmask  netif.o
    0x0800f0ee   0x0800f0ee   0x00000002   PAD
    0x0800f0f0   0x0800f0f0   0x00000028   Code   RO        10418    i.netif_get_by_index  netif.o
    0x0800f118   0x0800f118   0x00000002   Code   RO        10420    i.netif_init        netif.o
    0x0800f11a   0x0800f11a   0x00000002   PAD
    0x0800f11c   0x0800f11c   0x000000d8   Code   RO        10422    i.netif_issue_reports  netif.o
    0x0800f1f4   0x0800f1f4   0x00000008   Code   RO        10424    i.netif_null_output_ip4  netif.o
    0x0800f1fc   0x0800f1fc   0x00000060   Code   RO        10426    i.netif_set_addr    netif.o
    0x0800f25c   0x0800f25c   0x0000000c   Code   RO        10427    i.netif_set_default  netif.o
    0x0800f268   0x0800f268   0x000000cc   Code   RO        10428    i.netif_set_down    netif.o
    0x0800f334   0x0800f334   0x00000006   Code   RO        10431    i.netif_set_link_callback  netif.o
    0x0800f33a   0x0800f33a   0x00000002   PAD
    0x0800f33c   0x0800f33c   0x000000cc   Code   RO        10432    i.netif_set_link_down  netif.o
    0x0800f408   0x0800f408   0x000000d4   Code   RO        10433    i.netif_set_link_up  netif.o
    0x0800f4dc   0x0800f4dc   0x000000c0   Code   RO        10435    i.netif_set_up      netif.o
    0x0800f59c   0x0800f59c   0x00000018   Code   RO         6933    i.osDelay           cmsis_os.o
    0x0800f5b4   0x0800f5b4   0x0000000a   Code   RO         6936    i.osKernelStart     cmsis_os.o
    0x0800f5be   0x0800f5be   0x00000014   Code   RO         6937    i.osKernelSysTick   cmsis_os.o
    0x0800f5d2   0x0800f5d2   0x00000028   Code   RO         6945    i.osMessageCreate   cmsis_os.o
    0x0800f5fa   0x0800f5fa   0x00000018   Code   RO         6946    i.osMessageDelete   cmsis_os.o
    0x0800f612   0x0800f612   0x00000002   PAD
    0x0800f614   0x0800f614   0x0000009c   Code   RO         6947    i.osMessageGet      cmsis_os.o
    0x0800f6b0   0x0800f6b0   0x00000060   Code   RO         6949    i.osMessagePut      cmsis_os.o
    0x0800f710   0x0800f710   0x0000001a   Code   RO         6950    i.osMessageWaiting  cmsis_os.o
    0x0800f72a   0x0800f72a   0x0000001a   Code   RO         6951    i.osMutexCreate     cmsis_os.o
    0x0800f744   0x0800f744   0x00000050   Code   RO         6953    i.osMutexRelease    cmsis_os.o
    0x0800f794   0x0800f794   0x00000068   Code   RO         6954    i.osMutexWait       cmsis_os.o
    0x0800f7fc   0x0800f7fc   0x0000004a   Code   RO         6962    i.osSemaphoreCreate  cmsis_os.o
    0x0800f846   0x0800f846   0x00000018   Code   RO         6963    i.osSemaphoreDelete  cmsis_os.o
    0x0800f85e   0x0800f85e   0x00000002   PAD
    0x0800f860   0x0800f860   0x00000050   Code   RO         6965    i.osSemaphoreRelease  cmsis_os.o
    0x0800f8b0   0x0800f8b0   0x00000068   Code   RO         6966    i.osSemaphoreWait   cmsis_os.o
    0x0800f918   0x0800f918   0x0000005e   Code   RO         6970    i.osThreadCreate    cmsis_os.o
    0x0800f976   0x0800f976   0x00000012   Code   RO        10604    i.pbuf_add_header   pbuf.o
    0x0800f988   0x0800f988   0x000000e8   Code   RO        10606    i.pbuf_add_header_impl  pbuf.o
    0x0800fa70   0x0800fa70   0x000002a0   Code   RO        10607    i.pbuf_alloc        pbuf.o
    0x0800fd10   0x0800fd10   0x000000bc   Code   RO        10608    i.pbuf_alloc_reference  pbuf.o
    0x0800fdcc   0x0800fdcc   0x00000052   Code   RO        10609    i.pbuf_alloced_custom  pbuf.o
    0x0800fe1e   0x0800fe1e   0x00000002   PAD
    0x0800fe20   0x0800fe20   0x00000150   Code   RO        10610    i.pbuf_cat          pbuf.o
    0x0800ff70   0x0800ff70   0x00000016   Code   RO        10611    i.pbuf_chain        pbuf.o
    0x0800ff86   0x0800ff86   0x00000012   Code   RO        10612    i.pbuf_clen         pbuf.o
    0x0800ff98   0x0800ff98   0x000000b0   Code   RO        10613    i.pbuf_clone        pbuf.o
    0x08010048   0x08010048   0x00000228   Code   RO        10615    i.pbuf_copy         pbuf.o
    0x08010270   0x08010270   0x00000140   Code   RO        10616    i.pbuf_copy_partial  pbuf.o
    0x080103b0   0x080103b0   0x000001a8   Code   RO        10618    i.pbuf_free         pbuf.o
    0x08010558   0x08010558   0x00000034   Code   RO         7464    i.pbuf_free_custom  ethernetif.o
    0x0801058c   0x0801058c   0x0000003c   Code   RO        10620    i.pbuf_free_ooseq   pbuf.o
    0x080105c8   0x080105c8   0x0000000a   Code   RO        10621    i.pbuf_free_ooseq_callback  pbuf.o
    0x080105d2   0x080105d2   0x00000012   Code   RO        10625    i.pbuf_header_force  pbuf.o
    0x080105e4   0x080105e4   0x00000022   Code   RO        10626    i.pbuf_header_impl  pbuf.o
    0x08010606   0x08010606   0x0000001e   Code   RO        10627    i.pbuf_init_alloced_pbuf  pbuf.o
    0x08010624   0x08010624   0x00000044   Code   RO        10630    i.pbuf_pool_is_empty  pbuf.o
    0x08010668   0x08010668   0x00000168   Code   RO        10632    i.pbuf_realloc      pbuf.o
    0x080107d0   0x080107d0   0x000000a8   Code   RO        10633    i.pbuf_ref          pbuf.o
    0x08010878   0x08010878   0x000000f4   Code   RO        10634    i.pbuf_remove_header  pbuf.o
    0x0801096c   0x0801096c   0x00000110   Code   RO         9023    i.pcb_new           api_msg.o
    0x08010a7c   0x08010a7c   0x00000030   Code   RO         1303    i.pcf8574_Init      drv_pcf8574.o
    0x08010aac   0x08010aac   0x00000030   Code   RO         1305    i.pcf8574_read_byte  drv_pcf8574.o
    0x08010adc   0x08010adc   0x00000026   Code   RO         1306    i.pcf8574_write_bit  drv_pcf8574.o
    0x08010b02   0x08010b02   0x00000002   PAD
    0x08010b04   0x08010b04   0x00000034   Code   RO         1307    i.pcf8574_write_byte  drv_pcf8574.o
    0x08010b38   0x08010b38   0x000001d8   Code   RO        10221    i.plug_holes        mem.o
    0x08010d10   0x08010d10   0x00000100   Code   RO         9024    i.poll_tcp          api_msg.o
    0x08010e10   0x08010e10   0x00000098   Code   RO         6530    i.prvAddCurrentTaskToDelayedList  tasks.o
    0x08010ea8   0x08010ea8   0x000000b8   Code   RO         6531    i.prvAddNewTaskToReadyList  tasks.o
    0x08010f60   0x08010f60   0x00000048   Code   RO         6532    i.prvCheckTasksWaitingTermination  tasks.o
    0x08010fa8   0x08010fa8   0x0000002a   Code   RO         6165    i.prvCopyDataFromQueue  queue.o
    0x08010fd2   0x08010fd2   0x0000007e   Code   RO         6166    i.prvCopyDataToQueue  queue.o
    0x08011050   0x08011050   0x00000050   Code   RO         6533    i.prvDeleteTCB      tasks.o
    0x080110a0   0x080110a0   0x00000014   Code   RO         6167    i.prvGetDisinheritPriorityAfterTimeout  queue.o
    0x080110b4   0x080110b4   0x0000007c   Code   RO         7298    i.prvHeapInit       heap_4.o
    0x08011130   0x08011130   0x00000028   Code   RO         6534    i.prvIdleTask       tasks.o
    0x08011158   0x08011158   0x0000001e   Code   RO         6168    i.prvInitialiseMutex  queue.o
    0x08011176   0x08011176   0x0000002a   Code   RO         6169    i.prvInitialiseNewQueue  queue.o
    0x080111a0   0x080111a0   0x000000c0   Code   RO         6535    i.prvInitialiseNewTask  tasks.o
    0x08011260   0x08011260   0x00000068   Code   RO         6536    i.prvInitialiseTaskLists  tasks.o
    0x080112c8   0x080112c8   0x00000068   Code   RO         7299    i.prvInsertBlockIntoFreeList  heap_4.o
    0x08011330   0x08011330   0x0000001a   Code   RO         6170    i.prvIsQueueEmpty   queue.o
    0x0801134a   0x0801134a   0x0000001e   Code   RO         6171    i.prvIsQueueFull    queue.o
    0x08011368   0x08011368   0x00000034   Code   RO         6538    i.prvResetNextTaskUnblockTime  tasks.o
    0x0801139c   0x0801139c   0x00000016   Code   RO         6539    i.prvTaskCheckFreeStackSpace  tasks.o
    0x080113b2   0x080113b2   0x00000002   PAD
    0x080113b4   0x080113b4   0x00000040   Code   RO         7367    i.prvTaskExitError  port.o
    0x080113f4   0x080113f4   0x0000007e   Code   RO         6172    i.prvUnlockQueue    queue.o
    0x08011472   0x08011472   0x00000002   PAD
    0x08011474   0x08011474   0x00000010   Code   RO        10222    i.ptr_to_mem        mem.o
    0x08011484   0x08011484   0x00000154   Code   RO         7300    i.pvPortMalloc      heap_4.o
    0x080115d8   0x080115d8   0x00000020   Code   RO         6542    i.pvTaskIncrementMutexHeldCount  tasks.o
    0x080115f8   0x080115f8   0x0000002c   Code   RO         7368    i.pxPortInitialiseStack  port.o
    0x08011624   0x08011624   0x000001b4   Code   RO         9025    i.recv_tcp          api_msg.o
    0x080117d8   0x080117d8   0x00000190   Code   RO         9026    i.recv_udp          api_msg.o
    0x08011968   0x08011968   0x000000ec   Code   RO         9027    i.sent_tcp          api_msg.o
    0x08011a54   0x08011a54   0x00000044   Code   RO         9028    i.setup_tcp         api_msg.o
    0x08011a98   0x08011a98   0x0000005e   Code   RO        12396    i.sys_arch_mbox_fetch  sys_arch.o
    0x08011af6   0x08011af6   0x00000030   Code   RO        12397    i.sys_arch_mbox_tryfetch  sys_arch.o
    0x08011b26   0x08011b26   0x00000002   PAD
    0x08011b28   0x08011b28   0x00000018   Code   RO        12398    i.sys_arch_protect  sys_arch.o
    0x08011b40   0x08011b40   0x0000003e   Code   RO        12399    i.sys_arch_sem_wait  sys_arch.o
    0x08011b7e   0x08011b7e   0x00000002   PAD
    0x08011b80   0x08011b80   0x00000014   Code   RO        12400    i.sys_arch_unprotect  sys_arch.o
    0x08011b94   0x08011b94   0x00000054   Code   RO        11515    i.sys_check_timeouts  timeouts.o
    0x08011be8   0x08011be8   0x00000018   Code   RO        12401    i.sys_init          sys_arch.o
    0x08011c00   0x08011c00   0x00000012   Code   RO        12402    i.sys_mbox_free     sys_arch.o
    0x08011c12   0x08011c12   0x00000002   PAD
    0x08011c14   0x08011c14   0x00000030   Code   RO        12403    i.sys_mbox_new      sys_arch.o
    0x08011c44   0x08011c44   0x00000006   Code   RO        12405    i.sys_mbox_set_invalid  sys_arch.o
    0x08011c4a   0x08011c4a   0x0000001e   Code   RO        12406    i.sys_mbox_trypost  sys_arch.o
    0x08011c68   0x08011c68   0x0000000e   Code   RO        12408    i.sys_mbox_valid    sys_arch.o
    0x08011c76   0x08011c76   0x00000010   Code   RO        12410    i.sys_mutex_lock    sys_arch.o
    0x08011c86   0x08011c86   0x00000020   Code   RO        12411    i.sys_mutex_new     sys_arch.o
    0x08011ca6   0x08011ca6   0x0000000c   Code   RO        12412    i.sys_mutex_unlock  sys_arch.o
    0x08011cb2   0x08011cb2   0x00000008   Code   RO         7465    i.sys_now           ethernetif.o
    0x08011cba   0x08011cba   0x0000000c   Code   RO        12413    i.sys_sem_free      sys_arch.o
    0x08011cc6   0x08011cc6   0x0000002e   Code   RO        12414    i.sys_sem_new       sys_arch.o
    0x08011cf4   0x08011cf4   0x00000006   Code   RO        12415    i.sys_sem_set_invalid  sys_arch.o
    0x08011cfa   0x08011cfa   0x0000000c   Code   RO        12416    i.sys_sem_signal    sys_arch.o
    0x08011d06   0x08011d06   0x0000000e   Code   RO        12417    i.sys_sem_valid     sys_arch.o
    0x08011d14   0x08011d14   0x00000036   Code   RO        12418    i.sys_thread_new    sys_arch.o
    0x08011d4a   0x08011d4a   0x00000002   PAD
    0x08011d4c   0x08011d4c   0x000000d0   Code   RO        11517    i.sys_timeout       timeouts.o
    0x08011e1c   0x08011e1c   0x00000140   Code   RO        11518    i.sys_timeout_abs   timeouts.o
    0x08011f5c   0x08011f5c   0x00000028   Code   RO        11519    i.sys_timeouts_init  timeouts.o
    0x08011f84   0x08011f84   0x000000cc   Code   RO        11520    i.sys_timeouts_sleeptime  timeouts.o
    0x08012050   0x08012050   0x000001d4   Code   RO        10916    i.tcp_abandon       tcp.o
    0x08012224   0x08012224   0x0000000e   Code   RO        10917    i.tcp_abort         tcp.o
    0x08012232   0x08012232   0x00000010   Code   RO        10918    i.tcp_accept        tcp.o
    0x08012242   0x08012242   0x00000002   PAD
    0x08012244   0x08012244   0x000000c0   Code   RO        10920    i.tcp_alloc         tcp.o
    0x08012304   0x08012304   0x00000006   Code   RO        10921    i.tcp_arg           tcp.o
    0x0801230a   0x0801230a   0x00000002   PAD
    0x0801230c   0x0801230c   0x00000170   Code   RO        10922    i.tcp_bind          tcp.o
    0x0801247c   0x0801247c   0x000000b0   Code   RO        10924    i.tcp_close         tcp.o
    0x0801252c   0x0801252c   0x0000020c   Code   RO        10925    i.tcp_close_shutdown  tcp.o
    0x08012738   0x08012738   0x000000e8   Code   RO        10926    i.tcp_close_shutdown_fin  tcp.o
    0x08012820   0x08012820   0x000001d4   Code   RO        11350    i.tcp_create_segment  tcp_out.o
    0x080129f4   0x080129f4   0x000000d4   Code   RO        10929    i.tcp_eff_send_mss_netif  tcp.o
    0x08012ac8   0x08012ac8   0x000002c0   Code   RO        11351    i.tcp_enqueue_flags  tcp_out.o
    0x08012d88   0x08012d88   0x000000ac   Code   RO        10930    i.tcp_err           tcp.o
    0x08012e34   0x08012e34   0x0000009c   Code   RO        10931    i.tcp_fasttmr       tcp.o
    0x08012ed0   0x08012ed0   0x00000094   Code   RO        10932    i.tcp_free          tcp.o
    0x08012f64   0x08012f64   0x0000015c   Code   RO        11257    i.tcp_free_acked_segments  tcp_in.o
    0x080130c0   0x080130c0   0x0000009c   Code   RO        10933    i.tcp_free_listen   tcp.o
    0x0801315c   0x0801315c   0x00000014   Code   RO        10934    i.tcp_free_ooseq    tcp.o
    0x08013170   0x08013170   0x00000048   Code   RO        11258    i.tcp_get_next_optbyte  tcp_in.o
    0x080131b8   0x080131b8   0x00000034   Code   RO        10935    i.tcp_handle_closepend  tcp.o
    0x080131ec   0x080131ec   0x00000018   Code   RO        10936    i.tcp_init          tcp.o
    0x08013204   0x08013204   0x00000850   Code   RO        11259    i.tcp_input         tcp_in.o
    0x08013a54   0x08013a54   0x000000e8   Code   RO        11260    i.tcp_input_delayed_close  tcp_in.o
    0x08013b3c   0x08013b3c   0x000000dc   Code   RO        11352    i.tcp_keepalive     tcp_out.o
    0x08013c18   0x08013c18   0x00000068   Code   RO        10937    i.tcp_kill_prio     tcp.o
    0x08013c80   0x08013c80   0x000000d0   Code   RO        10938    i.tcp_kill_state    tcp.o
    0x08013d50   0x08013d50   0x0000003c   Code   RO        10939    i.tcp_kill_timewait  tcp.o
    0x08013d8c   0x08013d8c   0x000000d4   Code   RO        10940    i.tcp_listen_closed  tcp.o
    0x08013e60   0x08013e60   0x000001f4   Code   RO        11261    i.tcp_listen_input  tcp_in.o
    0x08014054   0x08014054   0x0000004c   Code   RO        10943    i.tcp_netif_ip_addr_changed  tcp.o
    0x080140a0   0x080140a0   0x000000d0   Code   RO        10944    i.tcp_netif_ip_addr_changed_pcblist  tcp.o
    0x08014170   0x08014170   0x00000010   Code   RO        10946    i.tcp_new_ip_type   tcp.o
    0x08014180   0x08014180   0x00000068   Code   RO        10947    i.tcp_new_port      tcp.o
    0x080141e8   0x080141e8   0x000000b0   Code   RO        10948    i.tcp_next_iss      tcp.o
    0x08014298   0x08014298   0x0000012c   Code   RO        11262    i.tcp_oos_insert_segment  tcp_in.o
    0x080143c4   0x080143c4   0x00000364   Code   RO        11353    i.tcp_output        tcp_out.o
    0x08014728   0x08014728   0x000000dc   Code   RO        11354    i.tcp_output_alloc_header  tcp_out.o
    0x08014804   0x08014804   0x00000124   Code   RO        11355    i.tcp_output_alloc_header_common  tcp_out.o
    0x08014928   0x08014928   0x00000120   Code   RO        11356    i.tcp_output_control_segment  tcp_out.o
    0x08014a48   0x08014a48   0x00000124   Code   RO        11357    i.tcp_output_fill_options  tcp_out.o
    0x08014b6c   0x08014b6c   0x00000270   Code   RO        11358    i.tcp_output_segment  tcp_out.o
    0x08014ddc   0x08014ddc   0x000000b4   Code   RO        11359    i.tcp_output_segment_busy  tcp_out.o
    0x08014e90   0x08014e90   0x00000130   Code   RO        11263    i.tcp_parseopt      tcp_in.o
    0x08014fc0   0x08014fc0   0x00000178   Code   RO        11360    i.tcp_pbuf_prealloc  tcp_out.o
    0x08015138   0x08015138   0x000000dc   Code   RO        10949    i.tcp_pcb_purge     tcp.o
    0x08015214   0x08015214   0x000001d8   Code   RO        10950    i.tcp_pcb_remove    tcp.o
    0x080153ec   0x080153ec   0x000000dc   Code   RO        10951    i.tcp_poll          tcp.o
    0x080154c8   0x080154c8   0x00000744   Code   RO        11264    i.tcp_process       tcp_in.o
    0x08015c0c   0x08015c0c   0x00000134   Code   RO        10952    i.tcp_process_refused_data  tcp.o
    0x08015d40   0x08015d40   0x00000c7c   Code   RO        11265    i.tcp_receive       tcp_in.o
    0x080169bc   0x080169bc   0x000000ac   Code   RO        10953    i.tcp_recv          tcp.o
    0x08016a68   0x08016a68   0x000000c4   Code   RO        10954    i.tcp_recv_null     tcp.o
    0x08016b2c   0x08016b2c   0x0000011c   Code   RO        10955    i.tcp_recved        tcp.o
    0x08016c48   0x08016c48   0x000000b4   Code   RO        10956    i.tcp_remove_listener  tcp.o
    0x08016cfc   0x08016cfc   0x00000104   Code   RO        11361    i.tcp_rexmit        tcp_out.o
    0x08016e00   0x08016e00   0x0000010c   Code   RO        11362    i.tcp_rexmit_fast   tcp_out.o
    0x08016f0c   0x08016f0c   0x000000a8   Code   RO        11363    i.tcp_rexmit_rto    tcp_out.o
    0x08016fb4   0x08016fb4   0x000000b8   Code   RO        11364    i.tcp_rexmit_rto_commit  tcp_out.o
    0x0801706c   0x0801706c   0x00000118   Code   RO        11365    i.tcp_rexmit_rto_prepare  tcp_out.o
    0x08017184   0x08017184   0x0000001e   Code   RO        11366    i.tcp_route         tcp_out.o
    0x080171a2   0x080171a2   0x00000002   PAD
    0x080171a4   0x080171a4   0x00000128   Code   RO        11367    i.tcp_rst           tcp_out.o
    0x080172cc   0x080172cc   0x000000b4   Code   RO        10957    i.tcp_seg_copy      tcp.o
    0x08017380   0x08017380   0x0000001a   Code   RO        10958    i.tcp_seg_free      tcp.o
    0x0801739a   0x0801739a   0x00000018   Code   RO        10959    i.tcp_segs_free     tcp.o
    0x080173b2   0x080173b2   0x00000002   PAD
    0x080173b4   0x080173b4   0x00000140   Code   RO        11368    i.tcp_send_empty_ack  tcp_out.o
    0x080174f4   0x080174f4   0x000000e0   Code   RO        11369    i.tcp_send_fin      tcp_out.o
    0x080175d4   0x080175d4   0x000000ac   Code   RO        10960    i.tcp_sent          tcp.o
    0x08017680   0x08017680   0x000000fc   Code   RO        10962    i.tcp_shutdown      tcp.o
    0x0801777c   0x0801777c   0x00000734   Code   RO        10963    i.tcp_slowtmr       tcp.o
    0x08017eb0   0x08017eb0   0x000002d0   Code   RO        11370    i.tcp_split_unsent_seg  tcp_out.o
    0x08018180   0x08018180   0x00000038   Code   RO        11522    i.tcp_timer_needed  timeouts.o
    0x080181b8   0x080181b8   0x00000144   Code   RO        11266    i.tcp_timewait_input  tcp_in.o
    0x080182fc   0x080182fc   0x00000024   Code   RO        10965    i.tcp_tmr           tcp.o
    0x08018320   0x08018320   0x00000014   Code   RO        11267    i.tcp_trigger_input_pcb_close  tcp_in.o
    0x08018334   0x08018334   0x00000118   Code   RO        10967    i.tcp_update_rcv_ann_wnd  tcp.o
    0x0801844c   0x0801844c   0x00000824   Code   RO        11371    i.tcp_write         tcp_out.o
    0x08018c70   0x08018c70   0x000001b4   Code   RO        11372    i.tcp_write_checks  tcp_out.o
    0x08018e24   0x08018e24   0x00000170   Code   RO        11373    i.tcp_zero_window_probe  tcp_out.o
    0x08018f94   0x08018f94   0x0000012c   Code   RO         9784    i.tcpip_init        tcpip.o
    0x080190c0   0x080190c0   0x000000cc   Code   RO         9785    i.tcpip_inpkt       tcpip.o
    0x0801918c   0x0801918c   0x00000030   Code   RO         9786    i.tcpip_input       tcpip.o
    0x080191bc   0x080191bc   0x00000020   Code   RO         9787    i.tcpip_send_msg_wait_sem  tcpip.o
    0x080191dc   0x080191dc   0x00000038   Code   RO        11523    i.tcpip_tcp_timer   timeouts.o
    0x08019214   0x08019214   0x000000d0   Code   RO         9788    i.tcpip_thread      tcpip.o
    0x080192e4   0x080192e4   0x000000d4   Code   RO         9789    i.tcpip_thread_handle_msg  tcpip.o
    0x080193b8   0x080193b8   0x00000060   Code   RO         9790    i.tcpip_timeouts_mbox_fetch  tcpip.o
    0x08019418   0x08019418   0x000000c4   Code   RO         9791    i.tcpip_try_callback  tcpip.o
    0x080194dc   0x080194dc   0x00000124   Code   RO        11606    i.udp_bind          udp.o
    0x08019600   0x08019600   0x00000018   Code   RO        11610    i.udp_init          udp.o
    0x08019618   0x08019618   0x0000027c   Code   RO        11611    i.udp_input         udp.o
    0x08019894   0x08019894   0x00000138   Code   RO        11612    i.udp_input_local_match  udp.o
    0x080199cc   0x080199cc   0x00000030   Code   RO        11613    i.udp_netif_ip_addr_changed  udp.o
    0x080199fc   0x080199fc   0x0000001c   Code   RO        11614    i.udp_new           udp.o
    0x08019a18   0x08019a18   0x0000000e   Code   RO        11615    i.udp_new_ip_type   udp.o
    0x08019a26   0x08019a26   0x00000002   PAD
    0x08019a28   0x08019a28   0x00000058   Code   RO        11616    i.udp_new_port      udp.o
    0x08019a80   0x08019a80   0x0000009c   Code   RO        11617    i.udp_recv          udp.o
    0x08019b1c   0x08019b1c   0x000000dc   Code   RO        11619    i.udp_send          udp.o
    0x08019bf8   0x08019bf8   0x00000144   Code   RO        11620    i.udp_sendto        udp.o
    0x08019d3c   0x08019d3c   0x00000198   Code   RO        11621    i.udp_sendto_if     udp.o
    0x08019ed4   0x08019ed4   0x000002f0   Code   RO        11622    i.udp_sendto_if_src  udp.o
    0x0801a1c4   0x0801a1c4   0x00000074   Code   RO         6543    i.ulTaskNotifyTake  tasks.o
    0x0801a238   0x0801a238   0x00000028   Code   RO         6125    i.uxListRemove      list.o
    0x0801a260   0x0801a260   0x0000002a   Code   RO         6175    i.uxQueueMessagesWaiting  queue.o
    0x0801a28a   0x0801a28a   0x00000022   Code   RO         6176    i.uxQueueMessagesWaitingFromISR  queue.o
    0x0801a2ac   0x0801a2ac   0x00000028   Code   RO         6546    i.uxTaskGetStackHighWaterMark  tasks.o
    0x0801a2d4   0x0801a2d4   0x00000018   Code   RO          444    i.vApplicationGetIdleTaskMemory  freertos.o
    0x0801a2ec   0x0801a2ec   0x00000002   Code   RO          445    i.vApplicationMallocFailedHook  freertos.o
    0x0801a2ee   0x0801a2ee   0x00000002   Code   RO          446    i.vApplicationTickHook  freertos.o
    0x0801a2f0   0x0801a2f0   0x0000001a   Code   RO         6126    i.vListInitialise   list.o
    0x0801a30a   0x0801a30a   0x00000006   Code   RO         6127    i.vListInitialiseItem  list.o
    0x0801a310   0x0801a310   0x00000034   Code   RO         6128    i.vListInsert       list.o
    0x0801a344   0x0801a344   0x00000018   Code   RO         6129    i.vListInsertEnd    list.o
    0x0801a35c   0x0801a35c   0x00000054   Code   RO         7370    i.vPortEnterCritical  port.o
    0x0801a3b0   0x0801a3b0   0x0000003c   Code   RO         7371    i.vPortExitCritical  port.o
    0x0801a3ec   0x0801a3ec   0x000000a4   Code   RO         7301    i.vPortFree         heap_4.o
    0x0801a490   0x0801a490   0x00000028   Code   RO         7372    i.vPortSetupTimerInterrupt  port.o
    0x0801a4b8   0x0801a4b8   0x00000078   Code   RO         7373    i.vPortValidateInterruptPriority  port.o
    0x0801a530   0x0801a530   0x00000032   Code   RO         6179    i.vQueueDelete      queue.o
    0x0801a562   0x0801a562   0x00000002   PAD
    0x0801a564   0x0801a564   0x00000030   Code   RO         6181    i.vQueueUnregisterQueue  queue.o
    0x0801a594   0x0801a594   0x0000005c   Code   RO         6552    i.vTaskDelay        tasks.o
    0x0801a5f0   0x0801a5f0   0x00000018   Code   RO         6558    i.vTaskInternalSetTimeOutState  tasks.o
    0x0801a608   0x0801a608   0x0000000c   Code   RO         6560    i.vTaskMissedYield  tasks.o
    0x0801a614   0x0801a614   0x00000038   Code   RO         6562    i.vTaskPlaceOnEventList  tasks.o
    0x0801a64c   0x0801a64c   0x000000e4   Code   RO         6564    i.vTaskPriorityDisinheritAfterTimeout  tasks.o
    0x0801a730   0x0801a730   0x000000b4   Code   RO         6570    i.vTaskStartScheduler  tasks.o
    0x0801a7e4   0x0801a7e4   0x00000010   Code   RO         6572    i.vTaskSuspendAll   tasks.o
    0x0801a7f4   0x0801a7f4   0x000000c8   Code   RO         6573    i.vTaskSwitchContext  tasks.o
    0x0801a8bc   0x0801a8bc   0x00000168   Code   RO         7374    i.xPortStartScheduler  port.o
    0x0801aa24   0x0801aa24   0x00000022   Code   RO         6182    i.xQueueCreateMutex  queue.o
    0x0801aa46   0x0801aa46   0x0000002a   Code   RO         6183    i.xQueueCreateMutexStatic  queue.o
    0x0801aa70   0x0801aa70   0x0000005a   Code   RO         6184    i.xQueueGenericCreate  queue.o
    0x0801aaca   0x0801aaca   0x000000e0   Code   RO         6185    i.xQueueGenericCreateStatic  queue.o
    0x0801abaa   0x0801abaa   0x00000002   PAD
    0x0801abac   0x0801abac   0x00000098   Code   RO         6186    i.xQueueGenericReset  queue.o
    0x0801ac44   0x0801ac44   0x000001a8   Code   RO         6187    i.xQueueGenericSend  queue.o
    0x0801adec   0x0801adec   0x000000fc   Code   RO         6188    i.xQueueGenericSendFromISR  queue.o
    0x0801aee8   0x0801aee8   0x000000e0   Code   RO         6189    i.xQueueGiveFromISR  queue.o
    0x0801afc8   0x0801afc8   0x00000168   Code   RO         6194    i.xQueueReceive     queue.o
    0x0801b130   0x0801b130   0x000000ca   Code   RO         6195    i.xQueueReceiveFromISR  queue.o
    0x0801b1fa   0x0801b1fa   0x00000002   PAD
    0x0801b1fc   0x0801b1fc   0x000001b8   Code   RO         6196    i.xQueueSemaphoreTake  queue.o
    0x0801b3b4   0x0801b3b4   0x0000008c   Code   RO         6575    i.xTaskCheckForTimeOut  tasks.o
    0x0801b440   0x0801b440   0x00000064   Code   RO         6576    i.xTaskCreate       tasks.o
    0x0801b4a4   0x0801b4a4   0x000000ba   Code   RO         6577    i.xTaskCreateStatic  tasks.o
    0x0801b55e   0x0801b55e   0x00000002   PAD
    0x0801b560   0x0801b560   0x00000128   Code   RO         6578    i.xTaskGenericNotify  tasks.o
    0x0801b688   0x0801b688   0x00000020   Code   RO         6581    i.xTaskGetSchedulerState  tasks.o
    0x0801b6a8   0x0801b6a8   0x0000000c   Code   RO         6582    i.xTaskGetTickCount  tasks.o
    0x0801b6b4   0x0801b6b4   0x00000014   Code   RO         6583    i.xTaskGetTickCountFromISR  tasks.o
    0x0801b6c8   0x0801b6c8   0x00000158   Code   RO         6584    i.xTaskIncrementTick  tasks.o
    0x0801b820   0x0801b820   0x000000c8   Code   RO         6587    i.xTaskPriorityDisinherit  tasks.o
    0x0801b8e8   0x0801b8e8   0x000000b8   Code   RO         6588    i.xTaskPriorityInherit  tasks.o
    0x0801b9a0   0x0801b9a0   0x00000098   Code   RO         6589    i.xTaskRemoveFromEventList  tasks.o
    0x0801ba38   0x0801ba38   0x00000104   Code   RO         6590    i.xTaskResumeAll    tasks.o
    0x0801bb3c   0x0801bb3c   0x00000058   Code   RO         7719    i.yt8512c_get_link_state  yt8512c.o
    0x0801bb94   0x0801bb94   0x000000de   Code   RO         7720    i.yt8512c_init      yt8512c.o
    0x0801bc72   0x0801bc72   0x0000002e   Code   RO         7721    i.yt8512c_regster_bus_io  yt8512c.o
    0x0801bca0   0x0801bca0   0x0000003a   Code   RO         7723    i.yt8512c_start_auto_nego  yt8512c.o
    0x0801bcda   0x0801bcda   0x00000002   PAD
    0x0801bcdc   0x0801bcdc   0x0000001c   Data   RO          448    .constdata          freertos.o
    0x0801bcf8   0x0801bcf8   0x00000004   Data   RO         1023    .constdata          _hal_usart.o
    0x0801bcfc   0x0801bcfc   0x00000008   Data   RO         2663    .constdata          stm32h7xx_hal_dma.o
    0x0801bd04   0x0801bd04   0x00000018   Data   RO         5497    .constdata          stm32h7xx_hal_uart.o
    0x0801bd1c   0x0801bd1c   0x00000010   Data   RO         5868    .constdata          stm32h7xx_hal_uart_ex.o
    0x0801bd2c   0x0801bd2c   0x00000010   Data   RO         5977    .constdata          system_stm32h7xx.o
    0x0801bd3c   0x0801bd3c   0x00000028   Data   RO         7469    .constdata          ethernetif.o
    0x0801bd64   0x0801bd64   0x0000001c   Data   RO         7642    .constdata          lwip.o
    0x0801bd80   0x0801bd80   0x0000000c   Data   RO         8525    .constdata          ethernet.o
    0x0801bd8c   0x0801bd8c   0x00000003   Data   RO         9029    .constdata          api_msg.o
    0x0801bd8f   0x0801bd8f   0x00000001   PAD
    0x0801bd90   0x0801bd90   0x000000f0   Data   RO        10307    .constdata          memp.o
    0x0801be80   0x0801be80   0x00000050   Data   RO        10968    .constdata          tcp.o
    0x0801bed0   0x0801bed0   0x0000001c   Data   RO        11524    .constdata          timeouts.o
    0x0801beec   0x0801beec   0x00000008   Data   RO        12027    .constdata          ip4_addr.o
    0x0801bef4   0x0801bef4   0x00000018   Data   RO        12419    .constdata          sys_arch.o
    0x0801bf0c   0x0801bf0c   0x0000000c   Data   RO          449    .conststring        freertos.o
    0x0801bf18   0x0801bf18   0x00000006   Data   RO         7470    .conststring        ethernetif.o
    0x0801bf1e   0x0801bf1e   0x00000002   PAD
    0x0801bf20   0x0801bf20   0x00000008   Data   RO         7643    .conststring        lwip.o
    0x0801bf28   0x0801bf28   0x00000041   Data   RO        10132    .conststring        init.o
    0x0801bf69   0x0801bf69   0x00000003   PAD
    0x0801bf6c   0x0801bf6c   0x00000075   Data   RO        10969    .conststring        tcp.o
    0x0801bfe1   0x0801bfe1   0x00000003   PAD
    0x0801bfe4   0x0801bfe4   0x00000055   Data   RO        11374    .conststring        tcp_out.o
    0x0801c039   0x0801c039   0x00000003   PAD
    0x0801c03c   0x0801c03c   0x00000041   Data   RO        11799    .conststring        etharp.o
    0x0801c07d   0x0801c07d   0x00000003   PAD
    0x0801c080   0x0801c080   0x00000020   Data   RO        13186    Region$$Table       anon$$obj.o


    Execution Region RW_IRAM2 (Exec base: 0x24000000, Load base: 0x0801c0a0, Size: 0x00011540, Max: 0x00080000, ABSOLUTE, COMPRESSED[0x00000038])

    Exec Addr    Load Addr    Size         Type   Attr      Idx    E Section Name        Object

    0x24000000   COMPRESSED   0x00000004   Data   RW          450    .data               freertos.o
    0x24000004   COMPRESSED   0x00000008   Data   RW          794    .data               g_runtime.o
    0x2400000c   COMPRESSED   0x0000000c   Data   RW          867    .data               os_task.o
    0x24000018   COMPRESSED   0x00000034   Data   RW         1024    .data               _hal_usart.o
    0x2400004c   COMPRESSED   0x00000004   Data   RW         1390    .data               datalinktask.o
    0x24000050   COMPRESSED   0x00000009   Data   RW         3547    .data               stm32h7xx_hal.o
    0x24000059   COMPRESSED   0x00000003   PAD
    0x2400005c   COMPRESSED   0x00000008   Data   RW         5978    .data               system_stm32h7xx.o
    0x24000064   COMPRESSED   0x00000044   Data   RW         6593    .data               tasks.o
    0x240000a8   COMPRESSED   0x00000020   Data   RW         7307    .data               heap_4.o
    0x240000c8   COMPRESSED   0x0000000c   Data   RW         7375    .data               port.o
    0x240000d4   COMPRESSED   0x00000038   Data   RW         7471    .data               ethernetif.o
    0x2400010c   COMPRESSED   0x00000018   Data   RW         7644    .data               lwip.o
    0x24000124   COMPRESSED   0x00000010   Data   RW         9792    .data               tcpip.o
    0x24000134   COMPRESSED   0x00000010   Data   RW        10223    .data               mem.o
    0x24000144   COMPRESSED   0x0000003c   Data   RW        10308    .data               memp.o
    0x24000180   COMPRESSED   0x00000009   Data   RW        10436    .data               netif.o
    0x24000189   COMPRESSED   0x00000001   Data   RW        10641    .data               pbuf.o
    0x2400018a   COMPRESSED   0x00000002   PAD
    0x2400018c   COMPRESSED   0x00000020   Data   RW        10970    .data               tcp.o
    0x240001ac   COMPRESSED   0x00000028   Data   RW        11269    .data               tcp_in.o
    0x240001d4   COMPRESSED   0x0000000c   Data   RW        11525    .data               timeouts.o
    0x240001e0   COMPRESSED   0x00000008   Data   RW        11623    .data               udp.o
    0x240001e8   COMPRESSED   0x00000001   Data   RW        11800    .data               etharp.o
    0x240001e9   COMPRESSED   0x00000001   PAD
    0x240001ea   COMPRESSED   0x00000002   Data   RW        11967    .data               ip4.o
    0x240001ec   COMPRESSED   0x00000006   Data   RW        12103    .data               ip4_frag.o
    0x240001f2   COMPRESSED   0x00000002   PAD
    0x240001f4   COMPRESSED   0x00000008   Data   RW        12420    .data               sys_arch.o
    0x240001fc   COMPRESSED   0x00000004   Data   RW        12844    .data               mc_w.l(rand.o)
    0x24000200   COMPRESSED   0x00000004   Data   RW        13147    .data               mc_w.l(stdout.o)
    0x24000204        -       0x00000260   Zero   RW          447    .bss                freertos.o
    0x24000464        -       0x00000184   Zero   RW          544    .bss                usart.o
    0x240005e8        -       0x0000004c   Zero   RW          692    .bss                stm32h7xx_hal_timebase_tim.o
    0x24000634        -       0x00000064   Zero   RW          793    .bss                g_runtime.o
    0x24000698        -       0x00002000   Zero   RW         1022    .bss                _hal_usart.o
    0x24002698        -       0x00000010   Zero   RW         1112    .bss                _hal_myi2c.o
    0x240026a8        -       0x00000500   Zero   RW         1389    .bss                datalinktask.o
    0x24002ba8        -       0x00000040   Zero   RW         6197    .bss                queue.o
    0x24002be8        -       0x000000f0   Zero   RW         6592    .bss                tasks.o
    0x24002cd8        -       0x00005000   Zero   RW         7306    .bss                heap_4.o
    0x24007cd8        -       0x00004aac   Zero   RW         7468    .bss                ethernetif.o
    0x2400c784        -       0x00000034   Zero   RW         7641    .bss                lwip.o
    0x2400c7b8        -       0x00000018   Zero   RW        10186    .bss                ip.o
    0x2400c7d0        -       0x00003c6d   Zero   RW        10306    .bss                memp.o
    0x2401043d   COMPRESSED   0x00000003   PAD
    0x24010440        -       0x00000010   Zero   RW        11268    .bss                tcp_in.o
    0x24010450        -       0x000000f0   Zero   RW        11798    .bss                etharp.o
    0x24010540        -       0x00001000   Zero   RW            1    STACK               startup_stm32h743xx.o



  Load Region LR$$.ARM.__AT_0x30040000 (Base: 0x30040000, Size: 0x00000000, Max: 0x00000060, ABSOLUTE)

    Execution Region ER$$.ARM.__AT_0x30040000 (Exec base: 0x30040000, Load base: 0x30040000, Size: 0x00000060, Max: 0x00000060, ABSOLUTE, UNINIT)

    Exec Addr    Load Addr    Size         Type   Attr      Idx    E Section Name        Object

    0x30040000        -       0x00000060   Zero   RW         7466    .ARM.__AT_0x30040000  ethernetif.o



  Load Region LR$$.ARM.__AT_0x30040060 (Base: 0x30040060, Size: 0x00000000, Max: 0x00000060, ABSOLUTE)

    Execution Region ER$$.ARM.__AT_0x30040060 (Exec base: 0x30040060, Load base: 0x30040060, Size: 0x00000060, Max: 0x00000060, ABSOLUTE, UNINIT)

    Exec Addr    Load Addr    Size         Type   Attr      Idx    E Section Name        Object

    0x30040060        -       0x00000060   Zero   RW         7467    .ARM.__AT_0x30040060  ethernetif.o


==============================================================================

Image component sizes


      Code (inc. data)   RO Data    RW Data    ZI Data      Debug   Object Name

        12          0          0          0          0        492   _hal_init.o
       576          8          0          0         16       8272   _hal_myi2c.o
       750         36          4         52       8192       9721   _hal_usart.o
      2480       1060          0          0          0      38731   api_lib.o
      5938       2362          3          0          0      36351   api_msg.o
         0          0          0          0          0       2188   auth.o
         0          0          0          0          0       6951   bridgeif.o
      1012         26          0          0          0      39172   cmsis_os.o
       288         40          0          4       1280      19342   datalinktask.o
        38          0          0          0          0       1146   def.o
        52          4          0          0          0        890   dma.o
       338          0          0          0          0       5605   drv_fifo.o
         8          0          0          0          0        487   drv_init.o
       186         16          0          0          0       2328   drv_pcf8574.o
         0          0          0          0          0       2428   err.o
      3820       1206         65          1        240      12463   etharp.o
       456        154         12          0          0       2890   ethernet.o
      2424        286         46         56      19308      64156   ethernetif.o
         0          0          0          0          0      19868   event_groups.o
        88         20         40          4        608       9097   freertos.o
        12          0          0          0          0      14525   g_init.o
       100         16          0          8        100       2667   g_runtime.o
       252         12          0          0          0       1167   gpio.o
       732         72          0         32      20480       7579   heap_4.o
        96         12          0          0          0       1074   heartbeattask.o
      1072        348          0          0          0       4930   icmp.o
       444          0          0          0          0       5512   inet_chksum.o
       160         92         65          0          0      10127   init.o
         0          0          0          0         24       3226   ip.o
      1130        182          0          2          0       5832   ip4.o
        78          0          8          0          0       9362   ip4_addr.o
      3614       1196          0          6          0      12782   ip4_frag.o
       148          0          0          0          0      12878   list.o
       610         46         36         24         52       6605   lwip.o
       838         38          0          0          0    1393690   main.o
      2652       1098          0         16          0       8726   mem.o
      1128        720        240         60      15469      12952   memp.o
       754        416          0          0          0       4038   netbuf.o
      2084        996          0          9          0      16910   netif.o
        16          0          0          0          0        478   os_init.o
         2          0          0          0          0        456   os_queue.o
         2          0          0          0          0        472   os_semaphore.o
       140         68          0         12          0        873   os_task.o
      4032       1802          0          1          0      18150   pbuf.o
      1014         92          0         12          0      12193   port.o
      3060         24          0          0         64      27502   queue.o
        36          8        664          0       4096        840   startup_stm32h743xx.o
       204         42          0          9          0      23373   stm32h7xx_hal.o
       458         38          0          0          0      41584   stm32h7xx_hal_cortex.o
      8662        168          8          0          0      13382   stm32h7xx_hal_dma.o
      4762         82          0          0          0      20354   stm32h7xx_hal_eth.o
       536         52          0          0          0       2927   stm32h7xx_hal_gpio.o
        48          6          0          0          0        946   stm32h7xx_hal_msp.o
        96          6          0          0          0        777   stm32h7xx_hal_pwr_ex.o
      3748        124          0          0          0       7721   stm32h7xx_hal_rcc.o
      5300        108          0          0          0       7433   stm32h7xx_hal_rcc_ex.o
       944         68          0          0          0       6694   stm32h7xx_hal_tim.o
         6          0          0          0          0       2332   stm32h7xx_hal_tim_ex.o
       160         20          0          0         76       1667   stm32h7xx_hal_timebase_tim.o
      4372        174         24          0          0      37288   stm32h7xx_hal_uart.o
       458         10         16          0          0       6509   stm32h7xx_hal_uart_ex.o
        86         24          0          0          0       4842   stm32h7xx_it.o
       592         28         24          8          0      19792   sys_arch.o
       252         40         16          8          0       1422   system_stm32h7xx.o
      3820        420          0         68        240      33650   tasks.o
      8966       4054        197         32          0      42818   tcp.o
      9284       2268          0         40         16      23279   tcp_in.o
     10170       4076         85          0          0      34206   tcp_out.o
      1296        686          0         16          0       9358   tcpip.o
      1048        492         28         12          0       7747   timeouts.o
      3302       1416          0          8          0      13436   udp.o
       420         36          0          0        388       2120   usart.o
       414          0          0          0          0       6303   yt8512c.o

    ----------------------------------------------------------------------
    112186      26894       1628        508      70652    2250084   Object Totals
         0          0         32          0          0          0   (incl. Generated)
       110          0         15          8          3          0   (incl. Padding)

    ----------------------------------------------------------------------

      Code (inc. data)   RO Data    RW Data    ZI Data      Debug   Library Member Name

        86          0          0          0          0          0   __dczerorl2.o
         0          0          0          0          0          0   entry.o
         0          0          0          0          0          0   entry10a.o
         0          0          0          0          0          0   entry11a.o
         4          0          0          0          0          0   entry12b.o
         8          4          0          0          0          0   entry2.o
         4          0          0          0          0          0   entry5.o
         0          0          0          0          0          0   entry7b.o
         0          0          0          0          0          0   entry8b.o
         8          4          0          0          0          0   entry9a.o
        18          0          0          0          0         80   fputc.o
        30          0          0          0          0          0   handlers.o
        36          8          0          0          0         68   init.o
         0          0          0          0          0          0   iusesemip.o
        30          0          0          0          0         68   llshl.o
        32          0          0          0          0         68   llushr.o
        26          0          0          0          0         80   memcmp.o
        64          0          0          0          0         76   memmovea.o
        36          0          0          0          0        108   memseta.o
       472         14          0          0          0        184   printf3.o
        36         10          0          4          0        136   rand.o
         0          0          0          0          0          0   semi.o
         0          0          0          4          0          0   stdout.o
        44          0          0          0          0         80   uidiv.o
        98          0          0          0          0         92   uldiv.o

    ----------------------------------------------------------------------
      1034         40          0          8          0       1040   Library Totals
         2          0          0          0          0          0   (incl. Padding)

    ----------------------------------------------------------------------

      Code (inc. data)   RO Data    RW Data    ZI Data      Debug   Library Name

      1032         40          0          8          0       1040   mc_w.l

    ----------------------------------------------------------------------
      1034         40          0          8          0       1040   Library Totals

    ----------------------------------------------------------------------

==============================================================================


      Code (inc. data)   RO Data    RW Data    ZI Data      Debug   

    113220      26934       1628        516      70652    2196092   Grand Totals
    113220      26934       1628         56      70652    2196092   ELF Image Totals (compressed)
    113220      26934       1628         56          0          0   ROM Totals

==============================================================================

    Total RO  Size (Code + RO Data)               114848 ( 112.16kB)
    Total RW  Size (RW Data + ZI Data)             71168 (  69.50kB)
    Total ROM Size (Code + RO Data + RW Data)     114904 ( 112.21kB)

==============================================================================

